----part 1 start----
[ 2026-10-03T00:59:48.705     1000:  3504:  3504 D/VectorModuleManager ] Loading module io.github.lsposed.disableflagsecure
[ 2026-10-03T00:59:48.706     1000:  3504:  3504 V/VectorModuleManager ] Loading class class l
[ 2026-10-03T00:59:48.707     1000:  3504:  3504 D/VectorModuleManager ] Loaded module io.github.lsposed.disableflagsecure successfully.
[ 2026-10-03T00:59:48.707     1000:  3504:  3504 D/VectorModuleManager ] Loading module io.github.privacygate
[ 2026-10-03T00:59:48.717     1000:  3504:  3504 V/VectorModuleManager ] Loading class class io.github.privacygate.hook.PgModule
[ 2026-10-03T00:59:48.718     1000:  3504:  3504 D/VectorModuleManager ] Loaded module io.github.privacygate successfully.
[ 2026-10-03T00:59:48.718     1000:  3504:  3504 D/VectorModuleManager ] Loading module dev.ven11.module
[ 2026-10-03T00:59:48.727     1000:  3504:  3504 V/VectorModuleManager ] Loading class class dev.ven11.module.Ven11Module
[ 2026-10-03T00:59:48.728     1000:  3504:  3504 D/VectorModuleManager ] Loaded module dev.ven11.module successfully.
[ 2026-10-03T00:59:55.121    10216:  5150:  5150 V/VectorLegacyBridge ] Loading legacy module com.chargepower.lsposed from /data/app/~~ssz8mZSIyIjNl-VWQJ-NcA==/com.chargepower.lsposed-RjL3z9tPSgOXOG7c7LJBxw==/base.apk
[ 2026-10-03T00:59:55.122    10216:  5150:  5150 V/VectorLegacyBridge ]   Loading class com.chargepower.lsposed.MainHook
[ 2026-10-03T00:59:55.148    10216:  5150:  5150 D/VectorModuleManager ] Loading module io.github.lsposed.disableflagsecure
[ 2026-10-03T00:59:55.148    10216:  5150:  5150 V/VectorModuleManager ] Loading class class l
[ 2026-10-03T00:59:55.148    10216:  5150:  5150 D/VectorModuleManager ] Loaded module io.github.lsposed.disableflagsecure successfully.
[ 2026-10-03T00:59:55.255    10216:  5150:  5150 I/VectorLegacyBridge ] ChargePowerLsp v65: setDozeScreenState hooks=1
[ 2026-10-03T00:59:55.256    10216:  5150:  5150 I/VectorLegacyBridge ] ChargePowerLsp v65: hooks installed: sleep=5 wake=4 (0 表示该系统版本方法名不同，将由广播/轮询兜底)
[ 2026-10-03T00:59:55.432     1002:  5245:  5245 D/VectorModuleManager ] Loading module dev.ven11.module
[ 2026-10-03T00:59:55.454     1002:  5245:  5245 V/VectorModuleManager ] Loading class class dev.ven11.module.Ven11Module
[ 2026-10-03T00:59:55.456     1002:  5245:  5245 D/VectorModuleManager ] Loaded module dev.ven11.module successfully.
[ 2026-10-03T00:59:55.559     1001:  5257:  5257 D/VectorModuleManager ] Loading module dev.ven11.module
[ 2026-10-03T00:59:55.573     1001:  5257:  5257 V/VectorModuleManager ] Loading class class dev.ven11.module.Ven11Module
[ 2026-10-03T00:59:55.574     1001:  5257:  5257 D/VectorModuleManager ] Loaded module dev.ven11.module successfully.
[ 2026-10-03T00:59:56.048     1000:  5637:  5637 D/VectorModuleManager ] Loading module io.github.lsposed.disableflagsecure
[ 2026-10-03T00:59:56.051     1000:  5637:  5637 V/VectorModuleManager ] Loading class class l
[ 2026-10-03T00:59:56.053     1000:  5637:  5637 D/VectorModuleManager ] Loaded module io.github.lsposed.disableflagsecure successfully.
[ 2026-10-03T00:59:56.857    10216:  5150:  5232 I/VectorLegacyBridge ] ChargePowerLsp v65: setDozeScreenState hooks=0
[ 2026-10-03T00:59:56.857    10216:  5150:  5232 I/VectorLegacyBridge ] ChargePowerLsp v65: hooks installed: sleep=0 wake=0 (0 表示该系统版本方法名不同，将由广播/轮询兜底)
[ 2026-10-03T00:59:57.029    10216:  5150:  6096 I/VectorLegacyBridge ] ChargePowerLsp v65: charging -> true
[ 2026-10-03T00:59:57.425    10216:  5150:  5150 I/VectorLegacyBridge ] ChargePowerLsp v65: overlay window added, type=2017
[ 2026-10-03T01:00:00.906    10258:  7303:  7303 D/VectorModuleManager ] Loading module dev.ven11.module
[ 2026-10-03T01:00:00.918    10258:  7303:  7303 V/VectorModuleManager ] Loading class class dev.ven11.module.Ven11Module
[ 2026-10-03T01:00:00.920    10258:  7303:  7303 D/VectorModuleManager ] Loaded module dev.ven11.module successfully.
[ 2026-10-03T01:00:13.506    10361: 12699: 12699 D/VectorModuleManager ] Loading module org.matrix.vector.devmodehider
[ 2026-10-03T01:00:13.507    10361: 12699: 12699 V/VectorModuleManager ] Loading class class org.matrix.vector.devmodehider.Entry
[ 2026-10-03T01:00:13.509    10361: 12699: 12699 D/VectorModuleManager ] Loaded module org.matrix.vector.devmodehider successfully.
[ 2026-10-03T01:00:13.509    10361: 12699: 12699 D/VectorModuleManager ] Loading module dev.ven11.module
[ 2026-10-03T01:00:13.520    10361: 12699: 12699 V/VectorModuleManager ] Loading class class dev.ven11.module.Ven11Module
[ 2026-10-03T01:00:13.521    10361: 12699: 12699 D/VectorModuleManager ] Loaded module dev.ven11.module successfully.
[ 2026-10-03T01:00:14.043    10175: 12633: 12633 V/VectorLegacyBridge ] Loading legacy module io.operit.jumpblocker from /data/app/~~1yuYF3G1Uhg5KeEJNhEhgQ==/io.operit.jumpblocker-HynKuCGpx-8N9bbtlK1Nfw==/base.apk
[ 2026-10-03T01:00:14.050    10175: 12633: 12633 V/VectorLegacyBridge ]   Loading class io.operit.jumpblocker.JumpBlocker
[ 2026-10-03T01:00:14.779    10175: 12633: 12633 I/VectorLegacyBridge ] JumpBlocker: active in com.nearme.instant.platform
[ 2026-10-03T01:00:16.009    10343: 12659: 12659 V/VectorLegacyBridge ] Loading legacy module io.operit.jumpblocker from /data/app/~~1yuYF3G1Uhg5KeEJNhEhgQ==/io.operit.jumpblocker-HynKuCGpx-8N9bbtlK1Nfw==/base.apk
[ 2026-10-03T01:00:16.014    10343: 12659: 12659 V/VectorLegacyBridge ]   Loading class io.operit.jumpblocker.JumpBlocker
[ 2026-10-03T01:00:17.264    10343: 12659: 12659 I/VectorLegacyBridge ] JumpBlocker: active in com.sohu.inputmethod.sogou
[ 2026-10-03T01:00:18.352    10361: 13763: 13763 D/VectorModuleManager ] Loading module org.matrix.vector.devmodehider
[ 2026-10-03T01:00:18.354    10361: 13763: 13763 V/VectorModuleManager ] Loading class class org.matrix.vector.devmodehider.Entry
[ 2026-10-03T01:00:18.362    10361: 13763: 13763 D/VectorModuleManager ] Loaded module org.matrix.vector.devmodehider successfully.
[ 2026-10-03T01:00:18.362    10361: 13763: 13763 D/VectorModuleManager ] Loading module dev.ven11.module
[ 2026-10-03T01:00:18.609    10361: 13763: 13763 V/VectorModuleManager ] Loading class class dev.ven11.module.Ven11Module
[ 2026-10-03T01:00:18.631    10361: 13763: 13763 D/VectorModuleManager ] Loaded module dev.ven11.module successfully.
[ 2026-10-03T01:00:18.631    10361: 12950: 12950 D/VectorModuleManager ] Loading module org.matrix.vector.devmodehider
[ 2026-10-03T01:00:18.641    10361: 12950: 12950 V/VectorModuleManager ] Loading class class org.matrix.vector.devmodehider.Entry
[ 2026-10-03T01:00:18.661    10361: 12950: 12950 D/VectorModuleManager ] Loaded module org.matrix.vector.devmodehider successfully.
[ 2026-10-03T01:00:18.667    10361: 12950: 12950 D/VectorModuleManager ] Loading module dev.ven11.module
[ 2026-10-03T01:00:18.779    10361: 12950: 12950 V/VectorModuleManager ] Loading class class dev.ven11.module.Ven11Module
[ 2026-10-03T01:00:18.785    10361: 12950: 12950 D/VectorModuleManager ] Loaded module dev.ven11.module successfully.
[ 2026-10-03T01:00:24.419    10395: 16165: 16165 D/VectorModuleManager ] Loading module dev.ven11.module
[ 2026-10-03T01:00:24.516     1000: 16233: 16233 D/VectorModuleManager ] Loading module dev.ven11.module
[ 2026-10-03T01:00:24.600    10395: 16165: 16165 V/VectorModuleManager ] Loading class class dev.ven11.module.Ven11Module
[ 2026-10-03T01:00:24.614    10395: 16165: 16165 D/VectorModuleManager ] Loaded module dev.ven11.module successfully.
[ 2026-10-03T01:00:24.622     1000: 16233: 16233 V/VectorModuleManager ] Loading class class dev.ven11.module.Ven11Module
[ 2026-10-03T01:00:24.627     1000: 16233: 16233 D/VectorModuleManager ] Loaded module dev.ven11.module successfully.
[ 2026-10-03T01:00:24.918    10258: 16330: 16330 D/VectorModuleManager ] Loading module dev.ven11.module
[ 2026-10-03T01:00:24.945    10258: 16330: 16330 V/VectorModuleManager ] Loading class class dev.ven11.module.Ven11Module
[ 2026-10-03T01:00:24.946    10258: 16330: 16330 D/VectorModuleManager ] Loaded module dev.ven11.module successfully.
[ 2026-10-03T01:00:27.287     1000: 16820: 16820 D/VectorModuleManager ] Loading module dev.ven11.module
[ 2026-10-03T01:00:27.463     1000: 16820: 16820 V/VectorModuleManager ] Loading class class dev.ven11.module.Ven11Module
[ 2026-10-03T01:00:27.466     1000: 16820: 16820 D/VectorModuleManager ] Loaded module dev.ven11.module successfully.
[ 2026-10-03T01:00:31.335    10395: 17886: 17886 D/VectorModuleManager ] Loading module dev.ven11.module
[ 2026-10-03T01:00:31.354    10395: 17886: 17886 V/VectorModuleManager ] Loading class class dev.ven11.module.Ven11Module
[ 2026-10-03T01:00:31.357    10395: 17886: 17886 D/VectorModuleManager ] Loaded module dev.ven11.module successfully.
[ 2026-10-03T01:00:31.568    10395: 17954: 17954 D/VectorModuleManager ] Loading module dev.ven11.module
[ 2026-10-03T01:00:31.600    10395: 17954: 17954 V/VectorModuleManager ] Loading class class dev.ven11.module.Ven11Module
[ 2026-10-03T01:00:31.617    10395: 17954: 17954 D/VectorModuleManager ] Loaded module dev.ven11.module successfully.
[ 2026-10-03T01:00:32.486    10395: 18205: 18205 D/VectorModuleManager ] Loading module dev.ven11.module
[ 2026-10-03T01:00:32.498    10395: 18205: 18205 V/VectorModuleManager ] Loading class class dev.ven11.module.Ven11Module
[ 2026-10-03T01:00:32.499    10395: 18205: 18205 D/VectorModuleManager ] Loaded module dev.ven11.module successfully.
[ 2026-10-03T01:00:38.175    10395: 19232: 19232 D/VectorModuleManager ] Loading module dev.ven11.module
[ 2026-10-03T01:00:38.186    10395: 19232: 19232 V/VectorModuleManager ] Loading class class dev.ven11.module.Ven11Module
[ 2026-10-03T01:00:38.187    10395: 19232: 19232 D/VectorModuleManager ] Loaded module dev.ven11.module successfully.
[ 2026-10-03T01:00:57.655    10395: 20377: 20377 D/VectorModuleManager ] Loading module dev.ven11.module
[ 2026-10-03T01:00:57.672    10395: 20377: 20377 V/VectorModuleManager ] Loading class class dev.ven11.module.Ven11Module
[ 2026-10-03T01:00:57.674    10395: 20377: 20377 D/VectorModuleManager ] Loaded module dev.ven11.module successfully.
[ 2026-10-03T01:01:13.603    10395: 20778: 20778 D/VectorModuleManager ] Loading module dev.ven11.module
[ 2026-10-03T01:01:13.629    10395: 20778: 20778 V/VectorModuleManager ] Loading class class dev.ven11.module.Ven11Module
[ 2026-10-03T01:01:13.634    10395: 20778: 20778 D/VectorModuleManager ] Loaded module dev.ven11.module successfully.
[ 2026-10-03T01:02:31.447    10258: 22419: 22419 D/VectorModuleManager ] Loading module dev.ven11.module
[ 2026-10-03T01:02:31.461    10258: 22419: 22419 V/VectorModuleManager ] Loading class class dev.ven11.module.Ven11Module
[ 2026-10-03T01:02:31.462    10258: 22419: 22419 D/VectorModuleManager ] Loaded module dev.ven11.module successfully.
[ 2026-10-03T01:02:50.712    10175: 23092: 23092 V/VectorLegacyBridge ] Loading legacy module io.operit.jumpblocker from /data/app/~~1yuYF3G1Uhg5KeEJNhEhgQ==/io.operit.jumpblocker-HynKuCGpx-8N9bbtlK1Nfw==/base.apk
[ 2026-10-03T01:02:50.713    10175: 23092: 23092 V/VectorLegacyBridge ]   Loading class io.operit.jumpblocker.JumpBlocker
[ 2026-10-03T01:02:50.774    10175: 23092: 23092 I/VectorLegacyBridge ] JumpBlocker: active in com.nearme.instant.platform
