----part 1 start----
[ 2026-10-02T23:43:17.048     1000:  3532:  3532 D/VectorModuleManager ] Loading module io.github.lsposed.disableflagsecure
[ 2026-10-02T23:43:17.049     1000:  3532:  3532 V/VectorModuleManager ] Loading class class l
[ 2026-10-02T23:43:17.049     1000:  3532:  3532 D/VectorModuleManager ] Loaded module io.github.lsposed.disableflagsecure successfully.
[ 2026-10-02T23:43:17.049     1000:  3532:  3532 D/VectorModuleManager ] Loading module io.github.privacygate
[ 2026-10-02T23:43:17.060     1000:  3532:  3532 V/VectorModuleManager ] Loading class class io.github.privacygate.hook.PgModule
[ 2026-10-02T23:43:17.060     1000:  3532:  3532 D/VectorModuleManager ] Loaded module io.github.privacygate successfully.
[ 2026-10-02T23:43:17.060     1000:  3532:  3532 D/VectorModuleManager ] Loading module dev.ven11.module
[ 2026-10-02T23:43:17.069     1000:  3532:  3532 V/VectorModuleManager ] Loading class class dev.ven11.module.Ven11Module
[ 2026-10-02T23:43:17.070     1000:  3532:  3532 D/VectorModuleManager ] Loaded module dev.ven11.module successfully.
[ 2026-10-02T23:43:23.159    10216:  5147:  5147 V/VectorLegacyBridge ] Loading legacy module com.chargepower.lsposed from /data/app/~~ssz8mZSIyIjNl-VWQJ-NcA==/com.chargepower.lsposed-RjL3z9tPSgOXOG7c7LJBxw==/base.apk
[ 2026-10-02T23:43:23.160    10216:  5147:  5147 V/VectorLegacyBridge ]   Loading class com.chargepower.lsposed.MainHook
[ 2026-10-02T23:43:23.248     1001:  5188:  5188 D/VectorModuleManager ] Loading module dev.ven11.module
[ 2026-10-02T23:43:23.275     1001:  5188:  5188 V/VectorModuleManager ] Loading class class dev.ven11.module.Ven11Module
[ 2026-10-02T23:43:23.276     1001:  5188:  5188 D/VectorModuleManager ] Loaded module dev.ven11.module successfully.
[ 2026-10-02T23:43:23.410    10216:  5289:  5289 V/VectorLegacyBridge ] Loading legacy module com.chargepower.lsposed from /data/app/~~ssz8mZSIyIjNl-VWQJ-NcA==/com.chargepower.lsposed-RjL3z9tPSgOXOG7c7LJBxw==/base.apk
[ 2026-10-02T23:43:23.411    10216:  5289:  5289 V/VectorLegacyBridge ]   Loading class com.chargepower.lsposed.MainHook
[ 2026-10-02T23:43:23.437    10216:  5289:  5289 D/VectorModuleManager ] Loading module io.github.lsposed.disableflagsecure
[ 2026-10-02T23:43:23.437    10216:  5289:  5289 V/VectorModuleManager ] Loading class class l
[ 2026-10-02T23:43:23.438    10216:  5289:  5289 D/VectorModuleManager ] Loaded module io.github.lsposed.disableflagsecure successfully.
[ 2026-10-02T23:43:23.583    10216:  5289:  5289 I/VectorLegacyBridge ] ChargePowerLsp v65: setDozeScreenState hooks=1
[ 2026-10-02T23:43:23.584    10216:  5289:  5289 I/VectorLegacyBridge ] ChargePowerLsp v65: hooks installed: sleep=5 wake=4 (0 表示该系统版本方法名不同，将由广播/轮询兜底)
[ 2026-10-02T23:43:23.660     1002:  5342:  5342 D/VectorModuleManager ] Loading module dev.ven11.module
[ 2026-10-02T23:43:23.729     1002:  5342:  5342 V/VectorModuleManager ] Loading class class dev.ven11.module.Ven11Module
[ 2026-10-02T23:43:23.730     1002:  5342:  5342 D/VectorModuleManager ] Loaded module dev.ven11.module successfully.
[ 2026-10-02T23:43:23.790     1000:  5571:  5571 D/VectorModuleManager ] Loading module io.github.lsposed.disableflagsecure
[ 2026-10-02T23:43:23.791     1000:  5571:  5571 V/VectorModuleManager ] Loading class class l
[ 2026-10-02T23:43:23.792     1000:  5571:  5571 D/VectorModuleManager ] Loaded module io.github.lsposed.disableflagsecure successfully.
[ 2026-10-02T23:43:25.640    10216:  5289:  6369 I/VectorLegacyBridge ] ChargePowerLsp v65: charging -> true
[ 2026-10-02T23:43:25.721    10216:  5289:  5549 I/VectorLegacyBridge ] ChargePowerLsp v65: setDozeScreenState hooks=0
[ 2026-10-02T23:43:25.721    10216:  5289:  5549 I/VectorLegacyBridge ] ChargePowerLsp v65: hooks installed: sleep=0 wake=0 (0 表示该系统版本方法名不同，将由广播/轮询兜底)
[ 2026-10-02T23:43:25.870    10216:  5289:  5289 I/VectorLegacyBridge ] ChargePowerLsp v65: overlay window added, type=2017
[ 2026-10-02T23:43:26.638     1000:  6594:  6594 D/VectorModuleManager ] Loading module dev.ven11.module
[ 2026-10-02T23:43:26.683     1000:  6594:  6594 V/VectorModuleManager ] Loading class class dev.ven11.module.Ven11Module
[ 2026-10-02T23:43:26.692     1000:  6594:  6594 D/VectorModuleManager ] Loaded module dev.ven11.module successfully.
[ 2026-10-02T23:43:27.870    10216:  5289:  5289 I/VectorLegacyBridge ] ChargePowerLsp v65: armed (KeyguardService$3) type=2017 displayState=2
[ 2026-10-02T23:43:27.886    10216:  5289:  5289 I/VectorLegacyBridge ] ChargePowerLsp v65: overlay applied +17ms after arm, text="9.6W 2309mA 4.16V"
[ 2026-10-02T23:43:27.944    10216:  5289:  5289 I/VectorLegacyBridge ] ChargePowerLsp v65: DozeService started +75ms after arm
[ 2026-10-02T23:43:28.179    10258:  7110:  7110 D/VectorModuleManager ] Loading module dev.ven11.module
[ 2026-10-02T23:43:28.193    10258:  7110:  7110 V/VectorModuleManager ] Loading class class dev.ven11.module.Ven11Module
[ 2026-10-02T23:43:28.194    10258:  7110:  7110 D/VectorModuleManager ] Loaded module dev.ven11.module successfully.
[ 2026-10-02T23:43:29.900     1002:  7830:  7830 D/VectorModuleManager ] Loading module dev.ven11.module
[ 2026-10-02T23:43:29.914     1002:  7830:  7830 V/VectorModuleManager ] Loading class class dev.ven11.module.Ven11Module
[ 2026-10-02T23:43:29.917     1002:  7830:  7830 D/VectorModuleManager ] Loaded module dev.ven11.module successfully.
[ 2026-10-02T23:43:30.498    10216:  5289:  5289 I/VectorLegacyBridge ] ChargePowerLsp v65: text shown +2629ms after arm, displayState=3
[ 2026-10-02T23:43:37.983    10175: 12199: 12199 V/VectorLegacyBridge ] Loading legacy module io.operit.jumpblocker from /data/app/~~1yuYF3G1Uhg5KeEJNhEhgQ==/io.operit.jumpblocker-HynKuCGpx-8N9bbtlK1Nfw==/base.apk
[ 2026-10-02T23:43:37.987    10175: 12199: 12199 V/VectorLegacyBridge ]   Loading class io.operit.jumpblocker.JumpBlocker
[ 2026-10-02T23:43:38.386    10175: 12199: 12199 I/VectorLegacyBridge ] JumpBlocker: active in com.nearme.instant.platform
[ 2026-10-02T23:43:42.038    10258: 13920: 13920 D/VectorModuleManager ] Loading module dev.ven11.module
[ 2026-10-02T23:43:42.070    10258: 13920: 13920 V/VectorModuleManager ] Loading class class dev.ven11.module.Ven11Module
[ 2026-10-02T23:43:42.072    10258: 13920: 13920 D/VectorModuleManager ] Loaded module dev.ven11.module successfully.
[ 2026-10-02T23:43:43.938     1000: 14611: 14611 D/VectorModuleManager ] Loading module dev.ven11.module
[ 2026-10-02T23:43:44.164     1000: 14611: 14611 V/VectorModuleManager ] Loading class class dev.ven11.module.Ven11Module
[ 2026-10-02T23:43:44.203     1000: 14611: 14611 D/VectorModuleManager ] Loaded module dev.ven11.module successfully.
[ 2026-10-02T23:43:47.746    10395: 16077: 16077 D/VectorModuleManager ] Loading module dev.ven11.module
[ 2026-10-02T23:43:47.797    10395: 16077: 16077 V/VectorModuleManager ] Loading class class dev.ven11.module.Ven11Module
[ 2026-10-02T23:43:47.801    10395: 16077: 16077 D/VectorModuleManager ] Loaded module dev.ven11.module successfully.
[ 2026-10-02T23:43:51.747    10395: 17038: 17038 D/VectorModuleManager ] Loading module dev.ven11.module
[ 2026-10-02T23:43:51.771    10395: 17038: 17038 V/VectorModuleManager ] Loading class class dev.ven11.module.Ven11Module
[ 2026-10-02T23:43:51.773    10395: 17038: 17038 D/VectorModuleManager ] Loaded module dev.ven11.module successfully.
[ 2026-10-02T23:43:51.779    10395: 17041: 17041 D/VectorModuleManager ] Loading module dev.ven11.module
[ 2026-10-02T23:43:51.793    10395: 17041: 17041 V/VectorModuleManager ] Loading class class dev.ven11.module.Ven11Module
[ 2026-10-02T23:43:51.794    10395: 17041: 17041 D/VectorModuleManager ] Loaded module dev.ven11.module successfully.
[ 2026-10-02T23:43:52.581    10395: 17332: 17332 D/VectorModuleManager ] Loading module dev.ven11.module
[ 2026-10-02T23:43:52.607    10395: 17332: 17332 V/VectorModuleManager ] Loading class class dev.ven11.module.Ven11Module
[ 2026-10-02T23:43:52.609    10395: 17332: 17332 D/VectorModuleManager ] Loaded module dev.ven11.module successfully.
[ 2026-10-02T23:43:55.534    10361: 18021: 18021 D/VectorModuleManager ] Loading module org.matrix.vector.devmodehider
[ 2026-10-02T23:43:55.536    10361: 18021: 18021 V/VectorModuleManager ] Loading class class org.matrix.vector.devmodehider.Entry
[ 2026-10-02T23:43:55.538    10361: 18021: 18021 D/VectorModuleManager ] Loaded module org.matrix.vector.devmodehider successfully.
[ 2026-10-02T23:43:55.538    10361: 18021: 18021 D/VectorModuleManager ] Loading module dev.ven11.module
[ 2026-10-02T23:43:55.552    10361: 18021: 18021 V/VectorModuleManager ] Loading class class dev.ven11.module.Ven11Module
[ 2026-10-02T23:43:55.553    10361: 18021: 18021 D/VectorModuleManager ] Loaded module dev.ven11.module successfully.
[ 2026-10-02T23:43:56.003    10361: 18096: 18096 D/VectorModuleManager ] Loading module org.matrix.vector.devmodehider
[ 2026-10-02T23:43:56.005    10361: 18096: 18096 V/VectorModuleManager ] Loading class class org.matrix.vector.devmodehider.Entry
[ 2026-10-02T23:43:56.011    10361: 18096: 18096 D/VectorModuleManager ] Loaded module org.matrix.vector.devmodehider successfully.
[ 2026-10-02T23:43:56.011    10361: 18096: 18096 D/VectorModuleManager ] Loading module dev.ven11.module
[ 2026-10-02T23:43:56.034    10361: 18096: 18096 V/VectorModuleManager ] Loading class class dev.ven11.module.Ven11Module
[ 2026-10-02T23:43:56.035    10361: 18096: 18096 D/VectorModuleManager ] Loaded module dev.ven11.module successfully.
[ 2026-10-02T23:45:59.732    10258: 20743: 20743 D/VectorModuleManager ] Loading module dev.ven11.module
[ 2026-10-02T23:45:59.750    10258: 20743: 20743 V/VectorModuleManager ] Loading class class dev.ven11.module.Ven11Module
[ 2026-10-02T23:45:59.751    10258: 20743: 20743 D/VectorModuleManager ] Loaded module dev.ven11.module successfully.
