==== service boot pid=9165 OnePlus PKG110 api=36 abi=arm64-v8a t=1788739177297 ====
1788739174783  CTOR_START
1788739174784  CTOR_DONE
1788739177294  SETUP_BEGIN
1788739177295  SETUP_XMSF_RESTORED
1788739177297  MAA_LOAD_BEGIN  jna.tmpdir=/data/local/tmp
1788739177328  MAA_LOAD_OK
1788739177466  SETUP_DONE
==== service boot pid=22193 OnePlus PKG110 api=36 abi=arm64-v8a t=1788758256403 ====
1788758255953  CTOR_START
1788758255954  CTOR_DONE
1788758256396  SETUP_BEGIN
1788758256399  SETUP_XMSF_RESTORED
1788758256405  MAA_LOAD_BEGIN  jna.tmpdir=/data/local/tmp
1788758256502  MAA_LOAD_OK
1788758256567  SETUP_DONE
==== service boot pid=25816 OnePlus PKG110 api=36 abi=arm64-v8a t=1788758562685 ====
1788758562397  CTOR_START
1788758562398  CTOR_DONE
1788758562684  SETUP_BEGIN
1788758562684  SETUP_XMSF_RESTORED
1788758562686  MAA_LOAD_BEGIN  jna.tmpdir=/data/local/tmp
1788758562735  MAA_LOAD_OK
1788758562892  SETUP_DONE
==== service boot pid=25216 OnePlus PKG110 api=36 abi=arm64-v8a t=1788769243504 ====
1788769243283  CTOR_START
1788769243285  CTOR_DONE
1788769243493  SETUP_BEGIN
1788769243499  SETUP_XMSF_RESTORED
1788769243505  MAA_LOAD_BEGIN  jna.tmpdir=/data/local/tmp
1788769243578  MAA_LOAD_OK
1788769243658  SETUP_DONE
==== service boot pid=3614 OnePlus PKG110 api=36 abi=arm64-v8a t=1788822002028 ====
1788822001675  CTOR_START
1788822001676  CTOR_DONE
1788822002026  SETUP_BEGIN
1788822002027  SETUP_XMSF_RESTORED
1788822002029  MAA_LOAD_BEGIN  jna.tmpdir=/data/local/tmp
1788822002193  MAA_LOAD_OK
1788822002357  SETUP_DONE
==== service boot pid=17936 OnePlus PKG110 api=36 abi=arm64-v8a t=1788844812240 ====
1788844811983  CTOR_START
1788844811985  CTOR_DONE
1788844812236  SETUP_BEGIN
1788844812236  SETUP_XMSF_RESTORED
1788844812244  MAA_LOAD_BEGIN  jna.tmpdir=/data/local/tmp
1788844812362  MAA_LOAD_OK
1788844812487  SETUP_DONE
==== service boot pid=23471 OnePlus PKG110 api=36 abi=arm64-v8a t=1788844988577 ====
1788844988377  CTOR_START
1788844988378  CTOR_DONE
1788844988574  SETUP_BEGIN
1788844988576  SETUP_XMSF_RESTORED
1788844988578  MAA_LOAD_BEGIN  jna.tmpdir=/data/local/tmp
1788844988601  MAA_LOAD_OK
1788844988732  SETUP_DONE
==== service boot pid=25749 OnePlus PKG110 api=36 abi=arm64-v8a t=1788845032931 ====
1788845032663  CTOR_START
1788845032665  CTOR_DONE
1788845032918  SETUP_BEGIN
1788845032929  SETUP_XMSF_RESTORED
1788845032931  MAA_LOAD_BEGIN  jna.tmpdir=/data/local/tmp
1788845032961  MAA_LOAD_OK
1788845033116  SETUP_DONE
==== service boot pid=29598 OnePlus PKG110 api=36 abi=arm64-v8a t=1788845308122 ====
1788845307857  CTOR_START
1788845307858  CTOR_DONE
1788845308118  SETUP_BEGIN
1788845308120  SETUP_XMSF_RESTORED
1788845308122  MAA_LOAD_BEGIN  jna.tmpdir=/data/local/tmp
1788845308142  MAA_LOAD_OK
1788845308323  SETUP_DONE
==== service boot pid=6195 OnePlus PKG110 api=36 abi=arm64-v8a t=1788845528191 ====
1788845527997  CTOR_START
1788845527999  CTOR_DONE
1788845528188  SETUP_BEGIN
1788845528190  SETUP_XMSF_RESTORED
1788845528191  MAA_LOAD_BEGIN  jna.tmpdir=/data/local/tmp
1788845528207  MAA_LOAD_OK
1788845528331  SETUP_DONE
==== service boot pid=19030 OnePlus PKG110 api=36 abi=arm64-v8a t=1788904811829 ====
1788904811404  CTOR_START
1788904811405  CTOR_DONE
1788904811825  SETUP_BEGIN
1788904811826  SETUP_XMSF_RESTORED
1788904811830  MAA_LOAD_BEGIN  jna.tmpdir=/data/local/tmp
1788904811944  MAA_LOAD_OK
1788904812105  SETUP_DONE
==== service boot pid=26544 OnePlus PKG110 api=36 abi=arm64-v8a t=1788914377582 ====
1788914377264  CTOR_START
1788914377265  CTOR_DONE
1788914377572  SETUP_BEGIN
1788914377580  SETUP_XMSF_RESTORED
1788914377583  MAA_LOAD_BEGIN  jna.tmpdir=/data/local/tmp
1788914377667  MAA_LOAD_OK
1788914377747  SETUP_DONE
==== service boot pid=23701 OnePlus PKG110 api=36 abi=arm64-v8a t=1788919186717 ====
1788919186525  CTOR_START
1788919186526  CTOR_DONE
1788919186711  SETUP_BEGIN
1788919186712  SETUP_XMSF_RESTORED
1788919186718  MAA_LOAD_BEGIN  jna.tmpdir=/data/local/tmp
1788919186799  MAA_LOAD_OK
1788919186865  SETUP_DONE
==== service boot pid=32562 OnePlus PKG110 api=36 abi=arm64-v8a t=1788919677788 ====
1788919677576  CTOR_START
1788919677578  CTOR_DONE
1788919677786  SETUP_BEGIN
1788919677787  SETUP_XMSF_RESTORED
1788919677789  MAA_LOAD_BEGIN  jna.tmpdir=/data/local/tmp
1788919677808  MAA_LOAD_OK
1788919677868  SETUP_DONE
==== service boot pid=2292 OnePlus PKG110 api=36 abi=arm64-v8a t=1788919811772 ====
1788919811449  CTOR_START
1788919811450  CTOR_DONE
1788919811770  SETUP_BEGIN
1788919811772  SETUP_XMSF_RESTORED
1788919811772  MAA_LOAD_BEGIN  jna.tmpdir=/data/local/tmp
1788919811785  MAA_LOAD_OK
1788919811907  SETUP_DONE
==== service boot pid=7792 OnePlus PKG110 api=36 abi=arm64-v8a t=1788919885722 ====
1788919885489  CTOR_START
1788919885490  CTOR_DONE
1788919885718  SETUP_BEGIN
1788919885721  SETUP_XMSF_RESTORED
1788919885722  MAA_LOAD_BEGIN  jna.tmpdir=/data/local/tmp
1788919885749  MAA_LOAD_OK
1788919885855  SETUP_DONE
==== service boot pid=11653 OnePlus PKG110 api=36 abi=arm64-v8a t=1788920011559 ====
1788920010841  CTOR_START
1788920010843  CTOR_DONE
1788920011547  SETUP_BEGIN
1788920011556  SETUP_XMSF_RESTORED
1788920011560  MAA_LOAD_BEGIN  jna.tmpdir=/data/local/tmp
1788920011601  MAA_LOAD_OK
1788920011707  SETUP_DONE
==== service boot pid=7480 OnePlus PKG110 api=36 abi=arm64-v8a t=1788948002272 ====
1788948002101  CTOR_START
1788948002103  CTOR_DONE
1788948002262  SETUP_BEGIN
1788948002269  SETUP_XMSF_RESTORED
1788948002272  MAA_LOAD_BEGIN  jna.tmpdir=/data/local/tmp
1788948002381  MAA_LOAD_OK
1788948002463  SETUP_DONE
==== service boot pid=9577 OnePlus PKG110 api=36 abi=arm64-v8a t=1788991213530 ====
1788991213358  CTOR_START
1788991213360  CTOR_DONE
1788991213529  SETUP_BEGIN
1788991213530  SETUP_XMSF_RESTORED
1788991213531  MAA_LOAD_BEGIN  jna.tmpdir=/data/local/tmp
1788991213664  MAA_LOAD_OK
1788991213880  SETUP_DONE
==== service boot pid=4929 OnePlus PKG110 api=36 abi=arm64-v8a t=1789006513560 ====
1789006512828  CTOR_START
1789006512829  CTOR_DONE
1789006513558  SETUP_BEGIN
1789006513559  SETUP_XMSF_RESTORED
1789006513561  MAA_LOAD_BEGIN  jna.tmpdir=/data/local/tmp
1789006513643  MAA_LOAD_OK
1789006513742  SETUP_DONE
==== service boot pid=9392 OnePlus PKG110 api=36 abi=arm64-v8a t=1789006587030 ====
1789006586525  CTOR_START
1789006586526  CTOR_DONE
1789006587025  SETUP_BEGIN
1789006587028  SETUP_XMSF_RESTORED
1789006587032  MAA_LOAD_BEGIN  jna.tmpdir=/data/local/tmp
1789006587066  MAA_LOAD_OK
1789006587157  SETUP_DONE
==== service boot pid=16281 OnePlus PKG110 api=36 abi=arm64-v8a t=1789016148379 ====
1789016147877  CTOR_START
1789016147879  CTOR_DONE
1789016148374  SETUP_BEGIN
1789016148378  SETUP_XMSF_RESTORED
1789016148383  MAA_LOAD_BEGIN  jna.tmpdir=/data/local/tmp
1789016148507  MAA_LOAD_OK
1789016148600  SETUP_DONE
==== service boot pid=18884 OnePlus PKG110 api=36 abi=arm64-v8a t=1789018255340 ====
1789018254677  CTOR_START
1789018254678  CTOR_DONE
1789018255337  SETUP_BEGIN
1789018255338  SETUP_XMSF_RESTORED
1789018255341  MAA_LOAD_BEGIN  jna.tmpdir=/data/local/tmp
1789018255427  MAA_LOAD_OK
1789018255522  SETUP_DONE
==== service boot pid=4929 OnePlus PKG110 api=36 abi=arm64-v8a t=1789034402968 ====
1789034402779  CTOR_START
1789034402780  CTOR_DONE
1789034402966  SETUP_BEGIN
1789034402967  SETUP_XMSF_RESTORED
1789034402969  MAA_LOAD_BEGIN  jna.tmpdir=/data/local/tmp
1789034403074  MAA_LOAD_OK
1789034403271  SETUP_DONE
==== service boot pid=14841 OnePlus PKG110 api=36 abi=arm64-v8a t=1789035771838 ====
1789035768238  CTOR_START
1789035768239  CTOR_DONE
1789035771835  SETUP_BEGIN
1789035771836  SETUP_XMSF_RESTORED
1789035771841  MAA_LOAD_BEGIN  jna.tmpdir=/data/local/tmp
1789035771868  MAA_LOAD_OK
1789035771997  SETUP_DONE
==== service boot pid=19319 OnePlus PKG110 api=36 abi=arm64-v8a t=1789035912730 ====
1789035912511  CTOR_START
1789035912512  CTOR_DONE
1789035912727  SETUP_BEGIN
1789035912728  SETUP_XMSF_RESTORED
1789035912730  MAA_LOAD_BEGIN  jna.tmpdir=/data/local/tmp
1789035912747  MAA_LOAD_OK
1789035912894  SETUP_DONE
==== service boot pid=7495 OnePlus PKG110 api=36 abi=arm64-v8a t=1789037111973 ====
1789037111737  CTOR_START
1789037111739  CTOR_DONE
1789037111972  SETUP_BEGIN
1789037111972  SETUP_XMSF_RESTORED
1789037111975  MAA_LOAD_BEGIN  jna.tmpdir=/data/local/tmp
1789037112020  MAA_LOAD_OK
1789037112129  SETUP_DONE
==== service boot pid=24737 OnePlus PKG110 api=36 abi=arm64-v8a t=1789077612538 ====
1789077612381  CTOR_START
1789077612384  CTOR_DONE
1789077612536  SETUP_BEGIN
1789077612537  SETUP_XMSF_RESTORED
1789077612539  MAA_LOAD_BEGIN  jna.tmpdir=/data/local/tmp
1789077612637  MAA_LOAD_OK
1789077612772  SETUP_DONE
==== service boot pid=9832 OnePlus PKG110 api=36 abi=arm64-v8a t=1789120803497 ====
1789120802492  CTOR_START
1789120802494  CTOR_DONE
1789120803495  SETUP_BEGIN
1789120803496  SETUP_XMSF_RESTORED
1789120803498  MAA_LOAD_BEGIN  jna.tmpdir=/data/local/tmp
1789120803618  MAA_LOAD_OK
1789120803738  SETUP_DONE
==== service boot pid=30057 OnePlus PKG110 api=36 abi=arm64-v8a t=1789123511664 ====
1789123511459  CTOR_START
1789123511460  CTOR_DONE
1789123511663  SETUP_BEGIN
1789123511664  SETUP_XMSF_RESTORED
1789123511666  MAA_LOAD_BEGIN  jna.tmpdir=/data/local/tmp
1789123511722  MAA_LOAD_OK
1789123511823  SETUP_DONE
==== service boot pid=4552 OnePlus PKG110 api=36 abi=arm64-v8a t=1789164012754 ====
1789164012517  CTOR_START
1789164012520  CTOR_DONE
1789164012752  SETUP_BEGIN
1789164012753  SETUP_XMSF_RESTORED
1789164012754  MAA_LOAD_BEGIN  jna.tmpdir=/data/local/tmp
1789164012859  MAA_LOAD_OK
1789164012967  SETUP_DONE
==== service boot pid=380 OnePlus PKG110 api=36 abi=arm64-v8a t=1789207202226 ====
1789207201983  CTOR_START
1789207201985  CTOR_DONE
1789207202213  SETUP_BEGIN
1789207202220  SETUP_XMSF_RESTORED
1789207202227  MAA_LOAD_BEGIN  jna.tmpdir=/data/local/tmp
1789207202336  MAA_LOAD_OK
1789207202426  SETUP_DONE
==== service boot pid=26248 OnePlus PKG110 api=36 abi=arm64-v8a t=1789216106059 ====
1789216105011  CTOR_START
1789216105013  CTOR_DONE
1789216106049  SETUP_BEGIN
1789216106053  SETUP_XMSF_RESTORED
1789216106061  MAA_LOAD_BEGIN  jna.tmpdir=/data/local/tmp
1789216106243  MAA_LOAD_OK
1789216106419  SETUP_DONE
==== service boot pid=26201 OnePlus PKG110 api=36 abi=arm64-v8a t=1789216905691 ====
1789216904852  CTOR_START
1789216904854  CTOR_DONE
1789216905676  SETUP_BEGIN
1789216905682  SETUP_XMSF_RESTORED
1789216905693  MAA_LOAD_BEGIN  jna.tmpdir=/data/local/tmp
1789216905836  MAA_LOAD_OK
1789216905950  SETUP_DONE
==== service boot pid=24262 OnePlus PKG110 api=36 abi=arm64-v8a t=1789217244078 ====
1789217243786  CTOR_START
1789217243788  CTOR_DONE
1789217244063  SETUP_BEGIN
1789217244068  SETUP_XMSF_RESTORED
1789217244079  MAA_LOAD_BEGIN  jna.tmpdir=/data/local/tmp
1789217244212  MAA_LOAD_OK
1789217244424  SETUP_DONE
==== service boot pid=23578 OnePlus PKG110 api=36 abi=arm64-v8a t=1789230481650 ====
1789230481246  CTOR_START
1789230481247  CTOR_DONE
1789230481637  SETUP_BEGIN
1789230481640  SETUP_XMSF_RESTORED
1789230481651  MAA_LOAD_BEGIN  jna.tmpdir=/data/local/tmp
1789230481785  MAA_LOAD_OK
1789230482042  SETUP_DONE
==== service boot pid=28839 OnePlus PKG110 api=36 abi=arm64-v8a t=1789231845529 ====
1789231844533  CTOR_START
1789231844534  CTOR_DONE
1789231845523  SETUP_BEGIN
1789231845526  SETUP_XMSF_RESTORED
1789231845531  MAA_LOAD_BEGIN  jna.tmpdir=/data/local/tmp
1789231845682  MAA_LOAD_OK
1789231845902  SETUP_DONE
==== service boot pid=24564 OnePlus PKG110 api=36 abi=arm64-v8a t=1789232431667 ====
1789232430314  CTOR_START
1789232430315  CTOR_DONE
1789232431650  SETUP_BEGIN
1789232431659  SETUP_XMSF_RESTORED
1789232431669  MAA_LOAD_BEGIN  jna.tmpdir=/data/local/tmp
1789232431813  MAA_LOAD_OK
1789232432037  SETUP_DONE
==== service boot pid=25216 OnePlus PKG110 api=36 abi=arm64-v8a t=1789233163822 ====
1789233163229  CTOR_START
1789233163231  CTOR_DONE
1789233163815  SETUP_BEGIN
1789233163819  SETUP_XMSF_RESTORED
1789233163823  MAA_LOAD_BEGIN  jna.tmpdir=/data/local/tmp
1789233163935  MAA_LOAD_OK
1789233164153  SETUP_DONE
==== service boot pid=25260 OnePlus PKG110 api=36 abi=arm64-v8a t=1789235369439 ====
1789235368347  CTOR_START
1789235368349  CTOR_DONE
1789235369433  SETUP_BEGIN
1789235369436  SETUP_XMSF_RESTORED
1789235369442  MAA_LOAD_BEGIN  jna.tmpdir=/data/local/tmp
1789235369595  MAA_LOAD_OK
1789235369837  SETUP_DONE
==== service boot pid=24482 OnePlus PKG110 api=36 abi=arm64-v8a t=1789235712768 ====
1789235711943  CTOR_START
1789235711946  CTOR_DONE
1789235712763  SETUP_BEGIN
1789235712766  SETUP_XMSF_RESTORED
1789235712769  MAA_LOAD_BEGIN  jna.tmpdir=/data/local/tmp
1789235712908  MAA_LOAD_OK
1789235713054  SETUP_DONE
==== service boot pid=31257 OnePlus PKG110 api=36 abi=arm64-v8a t=1789236529993 ====
1789236529510  CTOR_START
1789236529512  CTOR_DONE
1789236529981  SETUP_BEGIN
1789236529986  SETUP_XMSF_RESTORED
1789236529996  MAA_LOAD_BEGIN  jna.tmpdir=/data/local/tmp
1789236530149  MAA_LOAD_OK
1789236530345  SETUP_DONE
==== service boot pid=26235 OnePlus PKG110 api=36 abi=arm64-v8a t=1789263946632 ====
1789263946314  CTOR_START
1789263946316  CTOR_DONE
1789263946621  SETUP_BEGIN
1789263946628  SETUP_XMSF_RESTORED
1789263946634  MAA_LOAD_BEGIN  jna.tmpdir=/data/local/tmp
1789263946743  MAA_LOAD_OK
1789263946916  SETUP_DONE
==== service boot pid=21007 OnePlus PKG110 api=36 abi=arm64-v8a t=1789274571492 ====
1789274571168  CTOR_START
1789274571170  CTOR_DONE
1789274571477  SETUP_BEGIN
1789274571485  SETUP_XMSF_RESTORED
1789274571492  MAA_LOAD_BEGIN  jna.tmpdir=/data/local/tmp
1789274571596  MAA_LOAD_OK
1789274571692  SETUP_DONE
==== service boot pid=15470 OnePlus PKG110 api=36 abi=arm64-v8a t=1789293506964 ====
1789293506756  CTOR_START
1789293506759  CTOR_DONE
1789293506962  SETUP_BEGIN
1789293506963  SETUP_XMSF_RESTORED
1789293506966  MAA_LOAD_BEGIN  jna.tmpdir=/data/local/tmp
1789293507111  MAA_LOAD_OK
1789293507400  SETUP_DONE
==== service boot pid=26143 OnePlus PKG110 api=36 abi=arm64-v8a t=1789296601202 ====
1789296600984  CTOR_START
1789296600986  CTOR_DONE
1789296601195  SETUP_BEGIN
1789296601199  SETUP_XMSF_RESTORED
1789296601203  MAA_LOAD_BEGIN  jna.tmpdir=/data/local/tmp
1789296601325  MAA_LOAD_OK
1789296601446  SETUP_DONE
==== service boot pid=24937 OnePlus PKG110 api=36 abi=arm64-v8a t=1789336759635 ====
1789336752873  CTOR_START
1789336752876  CTOR_DONE
1789336759630  SETUP_BEGIN
1789336759632  SETUP_XMSF_RESTORED
1789336759636  MAA_LOAD_BEGIN  jna.tmpdir=/data/local/tmp
1789336759733  MAA_LOAD_OK
1789336759837  SETUP_DONE
==== service boot pid=10919 OnePlus PKG110 api=36 abi=arm64-v8a t=1789379952917 ====
1789379952628  CTOR_START
1789379952630  CTOR_DONE
1789379952915  SETUP_BEGIN
1789379952916  SETUP_XMSF_RESTORED
1789379952917  MAA_LOAD_BEGIN  jna.tmpdir=/data/local/tmp
1789379953008  MAA_LOAD_OK
1789379953320  SETUP_DONE
==== service boot pid=17608 OnePlus PKG110 api=36 abi=arm64-v8a t=1789423152365 ====
1789423151953  CTOR_START
1789423151955  CTOR_DONE
1789423152361  SETUP_BEGIN
1789423152362  SETUP_XMSF_RESTORED
1789423152365  MAA_LOAD_BEGIN  jna.tmpdir=/data/local/tmp
1789423152541  MAA_LOAD_OK
1789423152801  SETUP_DONE
==== service boot pid=29866 OnePlus PKG110 api=36 abi=arm64-v8a t=1789466351560 ====
1789466351255  CTOR_START
1789466351257  CTOR_DONE
1789466351559  SETUP_BEGIN
1789466351560  SETUP_XMSF_RESTORED
1789466351561  MAA_LOAD_BEGIN  jna.tmpdir=/data/local/tmp
1789466351652  MAA_LOAD_OK
1789466351923  SETUP_DONE
==== service boot pid=4513 OnePlus PKG110 api=36 abi=arm64-v8a t=1789509552511 ====
1789509552442  CTOR_START
1789509552443  CTOR_DONE
1789509552509  SETUP_BEGIN
1789509552510  SETUP_XMSF_RESTORED
1789509552513  MAA_LOAD_BEGIN  jna.tmpdir=/data/local/tmp
1789509552659  MAA_LOAD_OK
1789509553195  SETUP_DONE
==== service boot pid=32657 OnePlus PKG110 api=36 abi=arm64-v8a t=1789552751608 ====
1789552751148  CTOR_START
1789552751150  CTOR_DONE
1789552751596  SETUP_BEGIN
1789552751598  SETUP_XMSF_RESTORED
1789552751611  MAA_LOAD_BEGIN  jna.tmpdir=/data/local/tmp
1789552751757  MAA_LOAD_OK
1789552752019  SETUP_DONE
==== service boot pid=22708 OnePlus PKG110 api=36 abi=arm64-v8a t=1789595951617 ====
1789595950924  CTOR_START
1789595950925  CTOR_DONE
1789595951615  SETUP_BEGIN
1789595951616  SETUP_XMSF_RESTORED
1789595951618  MAA_LOAD_BEGIN  jna.tmpdir=/data/local/tmp
1789595951791  MAA_LOAD_OK
1789595952121  SETUP_DONE
==== service boot pid=9617 OnePlus PKG110 api=36 abi=arm64-v8a t=1789639151517 ====
1789639151261  CTOR_START
1789639151263  CTOR_DONE
1789639151513  SETUP_BEGIN
1789639151516  SETUP_XMSF_RESTORED
1789639151518  MAA_LOAD_BEGIN  jna.tmpdir=/data/local/tmp
1789639151654  MAA_LOAD_OK
1789639151746  SETUP_DONE
==== service boot pid=11650 OnePlus PKG110 api=36 abi=arm64-v8a t=1789682359253 ====
1789682352433  CTOR_START
1789682352435  CTOR_DONE
1789682359242  SETUP_BEGIN
1789682359249  SETUP_XMSF_RESTORED
1789682359254  MAA_LOAD_BEGIN  jna.tmpdir=/data/local/tmp
1789682359377  MAA_LOAD_OK
1789682359570  SETUP_DONE
==== service boot pid=16284 OnePlus PKG110 api=36 abi=arm64-v8a t=1789725551387 ====
1789725551197  CTOR_START
1789725551198  CTOR_DONE
1789725551383  SETUP_BEGIN
1789725551385  SETUP_XMSF_RESTORED
1789725551393  MAA_LOAD_BEGIN  jna.tmpdir=/data/local/tmp
1789725551499  MAA_LOAD_OK
1789725551638  SETUP_DONE
==== service boot pid=26649 OnePlus PKG110 api=36 abi=arm64-v8a t=1789768751928 ====
1789768751716  CTOR_START
1789768751717  CTOR_DONE
1789768751926  SETUP_BEGIN
1789768751927  SETUP_XMSF_RESTORED
1789768751930  MAA_LOAD_BEGIN  jna.tmpdir=/data/local/tmp
1789768752131  MAA_LOAD_OK
1789768752568  SETUP_DONE
==== service boot pid=17862 OnePlus PKG110 api=36 abi=arm64-v8a t=1789811953203 ====
1789811952537  CTOR_START
1789811952538  CTOR_DONE
1789811953200  SETUP_BEGIN
1789811953201  SETUP_XMSF_RESTORED
1789811953204  MAA_LOAD_BEGIN  jna.tmpdir=/data/local/tmp
1789811953358  MAA_LOAD_OK
1789811953690  SETUP_DONE
==== service boot pid=15224 OnePlus PKG110 api=36 abi=arm64-v8a t=1789855153167 ====
1789855152147  CTOR_START
1789855152148  CTOR_DONE
1789855153164  SETUP_BEGIN
1789855153166  SETUP_XMSF_RESTORED
1789855153173  MAA_LOAD_BEGIN  jna.tmpdir=/data/local/tmp
1789855153299  MAA_LOAD_OK
1789855153535  SETUP_DONE
==== service boot pid=18682 OnePlus PKG110 api=36 abi=arm64-v8a t=1789898353060 ====
1789898351909  CTOR_START
1789898351911  CTOR_DONE
1789898353057  SETUP_BEGIN
1789898353058  SETUP_XMSF_RESTORED
1789898353061  MAA_LOAD_BEGIN  jna.tmpdir=/data/local/tmp
1789898353169  MAA_LOAD_OK
1789898353256  SETUP_DONE
==== service boot pid=12413 OnePlus PKG110 api=36 abi=arm64-v8a t=1789941552174 ====
1789941552110  CTOR_START
1789941552112  CTOR_DONE
1789941552173  SETUP_BEGIN
1789941552174  SETUP_XMSF_RESTORED
1789941552176  MAA_LOAD_BEGIN  jna.tmpdir=/data/local/tmp
1789941552406  MAA_LOAD_OK
1789941552607  SETUP_DONE
==== service boot pid=16213 OnePlus PKG110 api=36 abi=arm64-v8a t=1789984751669 ====
1789984751425  CTOR_START
1789984751426  CTOR_DONE
1789984751663  SETUP_BEGIN
1789984751667  SETUP_XMSF_RESTORED
1789984751671  MAA_LOAD_BEGIN  jna.tmpdir=/data/local/tmp
1789984751891  MAA_LOAD_OK
1789984752226  SETUP_DONE
==== service boot pid=850 OnePlus PKG110 api=36 abi=arm64-v8a t=1790027954703 ====
1790027952467  CTOR_START
1790027952469  CTOR_DONE
1790027954701  SETUP_BEGIN
1790027954702  SETUP_XMSF_RESTORED
1790027954703  MAA_LOAD_BEGIN  jna.tmpdir=/data/local/tmp
1790027954851  MAA_LOAD_OK
1790027955057  SETUP_DONE
==== service boot pid=20654 OnePlus PKG110 api=36 abi=arm64-v8a t=1790061418139 ====
1790061415873  CTOR_START
1790061415874  CTOR_DONE
1790061418128  SETUP_BEGIN
1790061418133  SETUP_XMSF_RESTORED
1790061418140  MAA_LOAD_BEGIN  jna.tmpdir=/data/local/tmp
1790061418241  MAA_LOAD_OK
1790061418450  SETUP_DONE
==== service boot pid=21031 OnePlus PKG110 api=36 abi=arm64-v8a t=1790064683357 ====
1790064683028  CTOR_START
1790064683029  CTOR_DONE
1790064683348  SETUP_BEGIN
1790064683353  SETUP_XMSF_RESTORED
1790064683359  MAA_LOAD_BEGIN  jna.tmpdir=/data/local/tmp
1790064683481  MAA_LOAD_OK
1790064683687  SETUP_DONE
==== service boot pid=26120 OnePlus PKG110 api=36 abi=arm64-v8a t=1790088650525 ====
1790088649153  CTOR_START
1790088649154  CTOR_DONE
1790088650520  SETUP_BEGIN
1790088650522  SETUP_XMSF_RESTORED
1790088650526  MAA_LOAD_BEGIN  jna.tmpdir=/data/local/tmp
1790088650614  MAA_LOAD_OK
1790088650702  SETUP_DONE
==== service boot pid=20977 OnePlus PKG110 api=36 abi=arm64-v8a t=1790105138620 ====
1790105137454  CTOR_START
1790105137456  CTOR_DONE
1790105138608  SETUP_BEGIN
1790105138614  SETUP_XMSF_RESTORED
1790105138621  MAA_LOAD_BEGIN  jna.tmpdir=/data/local/tmp
1790105138730  MAA_LOAD_OK
1790105138832  SETUP_DONE
==== service boot pid=21473 OnePlus PKG110 api=36 abi=arm64-v8a t=1790121769784 ====
1790121768774  CTOR_START
1790121768776  CTOR_DONE
1790121769776  SETUP_BEGIN
1790121769780  SETUP_XMSF_RESTORED
1790121769787  MAA_LOAD_BEGIN  jna.tmpdir=/data/local/tmp
1790121769907  MAA_LOAD_OK
1790121770011  SETUP_DONE
==== service boot pid=20663 OnePlus PKG110 api=36 abi=arm64-v8a t=1790122311518 ====
1790122311273  CTOR_START
1790122311275  CTOR_DONE
1790122311508  SETUP_BEGIN
1790122311515  SETUP_XMSF_RESTORED
1790122311521  MAA_LOAD_BEGIN  jna.tmpdir=/data/local/tmp
1790122311616  MAA_LOAD_OK
1790122311712  SETUP_DONE
==== service boot pid=23952 OnePlus PKG110 api=36 abi=arm64-v8a t=1790122919647 ====
1790122919235  CTOR_START
1790122919238  CTOR_DONE
1790122919640  SETUP_BEGIN
1790122919645  SETUP_XMSF_RESTORED
1790122919651  MAA_LOAD_BEGIN  jna.tmpdir=/data/local/tmp
1790122919750  MAA_LOAD_OK
1790122919847  SETUP_DONE
==== service boot pid=19396 OnePlus PKG110 api=36 abi=arm64-v8a t=1790123959574 ====
1790123959304  CTOR_START
1790123959306  CTOR_DONE
1790123959562  SETUP_BEGIN
1790123959568  SETUP_XMSF_RESTORED
1790123959576  MAA_LOAD_BEGIN  jna.tmpdir=/data/local/tmp
1790123959689  MAA_LOAD_OK
1790123959788  SETUP_DONE
==== service boot pid=21876 OnePlus PKG110 api=36 abi=arm64-v8a t=1790126034417 ====
1790126034153  CTOR_START
1790126034155  CTOR_DONE
1790126034403  SETUP_BEGIN
1790126034411  SETUP_XMSF_RESTORED
1790126034418  MAA_LOAD_BEGIN  jna.tmpdir=/data/local/tmp
1790126034531  MAA_LOAD_OK
1790126034753  SETUP_DONE
==== service boot pid=18014 OnePlus PKG110 api=36 abi=arm64-v8a t=1790131448407 ====
1790131447895  CTOR_START
1790131447896  CTOR_DONE
1790131448398  SETUP_BEGIN
1790131448401  SETUP_XMSF_RESTORED
1790131448408  MAA_LOAD_BEGIN  jna.tmpdir=/data/local/tmp
1790131448497  MAA_LOAD_OK
1790131448596  SETUP_DONE
==== service boot pid=19569 OnePlus PKG110 api=36 abi=arm64-v8a t=1790132395735 ====
1790132394850  CTOR_START
1790132394851  CTOR_DONE
1790132395729  SETUP_BEGIN
1790132395733  SETUP_XMSF_RESTORED
1790132395736  MAA_LOAD_BEGIN  jna.tmpdir=/data/local/tmp
1790132395828  MAA_LOAD_OK
1790132395916  SETUP_DONE
==== service boot pid=12875 OnePlus PKG110 api=36 abi=arm64-v8a t=1790157491305 ====
1790157490899  CTOR_START
1790157490901  CTOR_DONE
1790157491296  SETUP_BEGIN
1790157491301  SETUP_XMSF_RESTORED
1790157491306  MAA_LOAD_BEGIN  jna.tmpdir=/data/local/tmp
1790157491451  MAA_LOAD_OK
1790157491518  SETUP_DONE
==== service boot pid=5545 OnePlus PKG110 api=36 abi=arm64-v8a t=1790200392892 ====
1790200392743  CTOR_START
1790200392745  CTOR_DONE
1790200392890  SETUP_BEGIN
1790200392891  SETUP_XMSF_RESTORED
1790200392893  MAA_LOAD_BEGIN  jna.tmpdir=/data/local/tmp
1790200393091  MAA_LOAD_OK
1790200393201  SETUP_DONE
==== service boot pid=23028 OnePlus PKG110 api=36 abi=arm64-v8a t=1790208823992 ====
1790208823038  CTOR_START
1790208823039  CTOR_DONE
1790208823989  SETUP_BEGIN
1790208823990  SETUP_XMSF_RESTORED
1790208823993  MAA_LOAD_BEGIN  jna.tmpdir=/data/local/tmp
1790208824101  MAA_LOAD_OK
1790208824206  SETUP_DONE
==== service boot pid=4685 OnePlus PKG110 api=36 abi=arm64-v8a t=1790243860669 ====
1790243860441  CTOR_START
1790243860443  CTOR_DONE
1790243860600  SETUP_BEGIN
1790243860668  SETUP_XMSF_RESTORED
1790243860669  MAA_LOAD_BEGIN  jna.tmpdir=/data/local/tmp
1790243860778  MAA_LOAD_OK
1790243861294  SETUP_DONE
==== service boot pid=25224 OnePlus PKG110 api=36 abi=arm64-v8a t=1790287061082 ====
1790287060950  CTOR_START
1790287060952  CTOR_DONE
1790287061024  SETUP_BEGIN
1790287061062  SETUP_XMSF_RESTORED
1790287061086  MAA_LOAD_BEGIN  jna.tmpdir=/data/local/tmp
1790287061623  MAA_LOAD_OK
1790287061853  SETUP_DONE
==== service boot pid=21895 OnePlus PKG110 api=36 abi=arm64-v8a t=1790317727644 ====
1790317726888  CTOR_START
1790317726893  CTOR_DONE
1790317727640  SETUP_BEGIN
1790317727642  SETUP_XMSF_RESTORED
1790317727645  MAA_LOAD_BEGIN  jna.tmpdir=/data/local/tmp
1790317727736  MAA_LOAD_OK
1790317727878  SETUP_DONE
==== service boot pid=26131 OnePlus PKG110 api=36 abi=arm64-v8a t=1790318442947 ====
1790318442477  CTOR_START
1790318442480  CTOR_DONE
1790318442944  SETUP_BEGIN
1790318442946  SETUP_XMSF_RESTORED
1790318442949  MAA_LOAD_BEGIN  jna.tmpdir=/data/local/tmp
1790318443062  MAA_LOAD_OK
1790318443214  SETUP_DONE
==== service boot pid=24047 OnePlus PKG110 api=36 abi=arm64-v8a t=1790319220848 ====
1790319220543  CTOR_START
1790319220545  CTOR_DONE
1790319220839  SETUP_BEGIN
1790319220842  SETUP_XMSF_RESTORED
1790319220849  MAA_LOAD_BEGIN  jna.tmpdir=/data/local/tmp
1790319220935  MAA_LOAD_OK
1790319221017  SETUP_DONE
==== service boot pid=18944 OnePlus PKG110 api=36 abi=arm64-v8a t=1790373789116 ====
1790373788337  CTOR_START
1790373788339  CTOR_DONE
1790373789113  SETUP_BEGIN
1790373789115  SETUP_XMSF_RESTORED
1790373789116  MAA_LOAD_BEGIN  jna.tmpdir=/data/local/tmp
1790373789256  MAA_LOAD_OK
1790373789602  SETUP_DONE
==== service boot pid=6829 OnePlus PKG110 api=36 abi=arm64-v8a t=1790416688880 ====
1790416688614  CTOR_START
1790416688616  CTOR_DONE
1790416688878  SETUP_BEGIN
1790416688878  SETUP_XMSF_RESTORED
1790416688882  MAA_LOAD_BEGIN  jna.tmpdir=/data/local/tmp
1790416689000  MAA_LOAD_OK
1790416689195  SETUP_DONE
==== service boot pid=28507 OnePlus PKG110 api=36 abi=arm64-v8a t=1790445199337 ====
1790445199082  CTOR_START
1790445199084  CTOR_DONE
1790445199330  SETUP_BEGIN
1790445199333  SETUP_XMSF_RESTORED
1790445199338  MAA_LOAD_BEGIN  jna.tmpdir=/data/local/tmp
1790445199473  MAA_LOAD_OK
1790445199685  SETUP_DONE
==== service boot pid=29184 OnePlus PKG110 api=36 abi=arm64-v8a t=1790485245547 ====
1790485245195  CTOR_START
1790485245197  CTOR_DONE
1790485245537  SETUP_BEGIN
1790485245542  SETUP_XMSF_RESTORED
1790485245548  MAA_LOAD_BEGIN  jna.tmpdir=/data/local/tmp
1790485245663  MAA_LOAD_OK
1790485245828  SETUP_DONE
==== service boot pid=19061 OnePlus PKG110 api=36 abi=arm64-v8a t=1790486540763 ====
1790486540473  CTOR_START
1790486540479  CTOR_DONE
1790486540758  SETUP_BEGIN
1790486540761  SETUP_XMSF_RESTORED
1790486540764  MAA_LOAD_BEGIN  jna.tmpdir=/data/local/tmp
1790486540855  MAA_LOAD_OK
1790486540960  SETUP_DONE
==== service boot pid=27294 OnePlus PKG110 api=36 abi=arm64-v8a t=1790490297857 ====
1790490297688  CTOR_START
1790490297690  CTOR_DONE
1790490297852  SETUP_BEGIN
1790490297854  SETUP_XMSF_RESTORED
1790490297858  MAA_LOAD_BEGIN  jna.tmpdir=/data/local/tmp
1790490297948  MAA_LOAD_OK
1790490298036  SETUP_DONE
==== service boot pid=28919 OnePlus PKG110 api=36 abi=arm64-v8a t=1790503201864 ====
1790503200929  CTOR_START
1790503200930  CTOR_DONE
1790503201859  SETUP_BEGIN
1790503201862  SETUP_XMSF_RESTORED
1790503201865  MAA_LOAD_BEGIN  jna.tmpdir=/data/local/tmp
1790503201965  MAA_LOAD_OK
1790503202078  SETUP_DONE
==== service boot pid=22992 OnePlus PKG110 api=36 abi=arm64-v8a t=1790508332726 ====
1790508332575  CTOR_START
1790508332577  CTOR_DONE
1790508332713  SETUP_BEGIN
1790508332719  SETUP_XMSF_RESTORED
1790508332728  MAA_LOAD_BEGIN  jna.tmpdir=/data/local/tmp
1790508332848  MAA_LOAD_OK
1790508333003  SETUP_DONE
==== service boot pid=21342 OnePlus PKG110 api=36 abi=arm64-v8a t=1790508689359 ====
1790508688450  CTOR_START
1790508688452  CTOR_DONE
1790508689357  SETUP_BEGIN
1790508689358  SETUP_XMSF_RESTORED
1790508689359  MAA_LOAD_BEGIN  jna.tmpdir=/data/local/tmp
1790508689464  MAA_LOAD_OK
1790508689589  SETUP_DONE
==== service boot pid=23349 OnePlus PKG110 api=36 abi=arm64-v8a t=1790514721351 ====
1790514721127  CTOR_START
1790514721129  CTOR_DONE
1790514721340  SETUP_BEGIN
1790514721345  SETUP_XMSF_RESTORED
1790514721352  MAA_LOAD_BEGIN  jna.tmpdir=/data/local/tmp
1790514721474  MAA_LOAD_OK
1790514721662  SETUP_DONE
==== service boot pid=23192 OnePlus PKG110 api=36 abi=arm64-v8a t=1790515978010 ====
1790515977755  CTOR_START
1790515977757  CTOR_DONE
1790515978001  SETUP_BEGIN
1790515978005  SETUP_XMSF_RESTORED
1790515978010  MAA_LOAD_BEGIN  jna.tmpdir=/data/local/tmp
1790515978167  MAA_LOAD_OK
1790515978429  SETUP_DONE
==== service boot pid=8055 OnePlus PKG110 api=36 abi=arm64-v8a t=1790521799231 ====
1790521798988  CTOR_START
1790521798989  CTOR_DONE
1790521799226  SETUP_BEGIN
1790521799228  SETUP_XMSF_RESTORED
1790521799232  MAA_LOAD_BEGIN  jna.tmpdir=/data/local/tmp
1790521799328  MAA_LOAD_OK
1790521799434  SETUP_DONE
==== service boot pid=9581 OnePlus PKG110 api=36 abi=arm64-v8a t=1790522033123 ====
1790522030502  CTOR_START
1790522030503  CTOR_DONE
1790522033122  SETUP_BEGIN
1790522033122  SETUP_XMSF_RESTORED
1790522033124  MAA_LOAD_BEGIN  jna.tmpdir=/data/local/tmp
1790522033276  MAA_LOAD_OK
1790522033416  SETUP_DONE
==== service boot pid=8385 OnePlus PKG110 api=36 abi=arm64-v8a t=1790522384883 ====
1790522384393  CTOR_START
1790522384394  CTOR_DONE
1790522384878  SETUP_BEGIN
1790522384880  SETUP_XMSF_RESTORED
1790522384886  MAA_LOAD_BEGIN  jna.tmpdir=/data/local/tmp
1790522384930  MAA_LOAD_OK
1790522385055  SETUP_DONE
==== service boot pid=21449 OnePlus PKG110 api=36 abi=arm64-v8a t=1790546300207 ====
1790546299761  CTOR_START
1790546299763  CTOR_DONE
1790546300203  SETUP_BEGIN
1790546300207  SETUP_XMSF_RESTORED
1790546300208  MAA_LOAD_BEGIN  jna.tmpdir=/data/local/tmp
1790546300355  MAA_LOAD_OK
1790546300790  SETUP_DONE
==== service boot pid=10210 OnePlus PKG110 api=36 abi=arm64-v8a t=1790588916730 ====
1790588916579  CTOR_START
1790588916583  CTOR_DONE
1790588916729  SETUP_BEGIN
1790588916730  SETUP_XMSF_RESTORED
1790588916730  MAA_LOAD_BEGIN  jna.tmpdir=/data/local/tmp
1790588916908  MAA_LOAD_OK
1790588917236  SETUP_DONE
==== service boot pid=26624 OnePlus PKG110 api=36 abi=arm64-v8a t=1790589181233 ====
1790589181001  CTOR_START
1790589181002  CTOR_DONE
1790589181225  SETUP_BEGIN
1790589181230  SETUP_XMSF_RESTORED
1790589181235  MAA_LOAD_BEGIN  jna.tmpdir=/data/local/tmp
1790589181291  MAA_LOAD_OK
1790589181461  SETUP_DONE
==== service boot pid=10024 OnePlus PKG110 api=36 abi=arm64-v8a t=1790589258512 ====
1790589258280  CTOR_START
1790589258281  CTOR_DONE
1790589258510  SETUP_BEGIN
1790589258511  SETUP_XMSF_RESTORED
1790589258512  MAA_LOAD_BEGIN  jna.tmpdir=/data/local/tmp
1790589258618  MAA_LOAD_OK
1790589258740  SETUP_DONE
==== service boot pid=25012 OnePlus PKG110 api=36 abi=arm64-v8a t=1790589523094 ====
1790589522793  CTOR_START
1790589522794  CTOR_DONE
1790589523092  SETUP_BEGIN
1790589523094  SETUP_XMSF_RESTORED
1790589523097  MAA_LOAD_BEGIN  jna.tmpdir=/data/local/tmp
1790589523117  MAA_LOAD_OK
1790589523180  SETUP_DONE
==== service boot pid=12049 OnePlus PKG110 api=36 abi=arm64-v8a t=1790589991824 ====
1790589991479  CTOR_START
1790589991483  CTOR_DONE
1790589991822  SETUP_BEGIN
1790589991823  SETUP_XMSF_RESTORED
1790589991828  MAA_LOAD_BEGIN  jna.tmpdir=/data/local/tmp
1790589991857  MAA_LOAD_OK
1790589992035  SETUP_DONE
==== service boot pid=9858 OnePlus PKG110 api=36 abi=arm64-v8a t=1790632428203 ====
1790632428138  CTOR_START
1790632428140  CTOR_DONE
1790632428202  SETUP_BEGIN
1790632428203  SETUP_XMSF_RESTORED
1790632428204  MAA_LOAD_BEGIN  jna.tmpdir=/data/local/tmp
1790632428379  MAA_LOAD_OK
1790632428701  SETUP_DONE
==== service boot pid=11800 OnePlus PKG110 api=36 abi=arm64-v8a t=1790675927513 ====
1790675926710  CTOR_START
1790675926712  CTOR_DONE
1790675927511  SETUP_BEGIN
1790675927512  SETUP_XMSF_RESTORED
1790675927515  MAA_LOAD_BEGIN  jna.tmpdir=/data/local/tmp
1790675927609  MAA_LOAD_OK
1790675927709  SETUP_DONE
==== service boot pid=19546 OnePlus PKG110 api=36 abi=arm64-v8a t=1790704653669 ====
1790704653458  CTOR_START
1790704653460  CTOR_DONE
1790704653660  SETUP_BEGIN
1790704653662  SETUP_XMSF_RESTORED
1790704653671  MAA_LOAD_BEGIN  jna.tmpdir=/data/local/tmp
1790704653816  MAA_LOAD_OK
1790704654005  SETUP_DONE
==== service boot pid=29188 OnePlus PKG110 api=36 abi=arm64-v8a t=1790734019682 ====
1790734018406  CTOR_START
1790734018407  CTOR_DONE
1790734019678  SETUP_BEGIN
1790734019680  SETUP_XMSF_RESTORED
1790734019684  MAA_LOAD_BEGIN  jna.tmpdir=/data/local/tmp
1790734019779  MAA_LOAD_OK
1790734019926  SETUP_DONE
==== service boot pid=9729 OnePlus PKG110 api=36 abi=arm64-v8a t=1790751923830 ====
1790751923218  CTOR_START
1790751923242  CTOR_DONE
1790751923825  SETUP_BEGIN
1790751923829  SETUP_XMSF_RESTORED
1790751923830  MAA_LOAD_BEGIN  jna.tmpdir=/data/local/tmp
1790751923939  MAA_LOAD_OK
1790751924026  SETUP_DONE
==== service boot pid=30277 OnePlus PKG110 api=36 abi=arm64-v8a t=1790752202038 ====
1790752201893  CTOR_START
1790752201894  CTOR_DONE
1790752202033  SETUP_BEGIN
1790752202037  SETUP_XMSF_RESTORED
1790752202040  MAA_LOAD_BEGIN  jna.tmpdir=/data/local/tmp
1790752202098  MAA_LOAD_OK
1790752202289  SETUP_DONE
==== service boot pid=11182 OnePlus PKG110 api=36 abi=arm64-v8a t=1790753387107 ====
1790753386908  CTOR_START
1790753386911  CTOR_DONE
1790753387105  SETUP_BEGIN
1790753387106  SETUP_XMSF_RESTORED
1790753387109  MAA_LOAD_BEGIN  jna.tmpdir=/data/local/tmp
1790753387252  MAA_LOAD_OK
1790753387439  SETUP_DONE
==== service boot pid=23445 OnePlus PKG110 api=36 abi=arm64-v8a t=1790753639311 ====
1790753638342  CTOR_START
1790753638343  CTOR_DONE
1790753639302  SETUP_BEGIN
1790753639307  SETUP_XMSF_RESTORED
1790753639313  MAA_LOAD_BEGIN  jna.tmpdir=/data/local/tmp
1790753639405  MAA_LOAD_OK
1790753639622  SETUP_DONE
==== service boot pid=10267 OnePlus PKG110 api=36 abi=arm64-v8a t=1790753802653 ====
1790753802456  CTOR_START
1790753802461  CTOR_DONE
1790753802650  SETUP_BEGIN
1790753802652  SETUP_XMSF_RESTORED
1790753802654  MAA_LOAD_BEGIN  jna.tmpdir=/data/local/tmp
1790753802768  MAA_LOAD_OK
1790753802927  SETUP_DONE
==== service boot pid=30146 OnePlus PKG110 api=36 abi=arm64-v8a t=1790754076096 ====
1790754074868  CTOR_START
1790754074870  CTOR_DONE
1790754076089  SETUP_BEGIN
1790754076093  SETUP_XMSF_RESTORED
1790754076101  MAA_LOAD_BEGIN  jna.tmpdir=/data/local/tmp
1790754076137  MAA_LOAD_OK
1790754076371  SETUP_DONE
==== service boot pid=9604 OnePlus PKG110 api=36 abi=arm64-v8a t=1790754632508 ====
1790754632341  CTOR_START
1790754632343  CTOR_DONE
1790754632506  SETUP_BEGIN
1790754632507  SETUP_XMSF_RESTORED
1790754632508  MAA_LOAD_BEGIN  jna.tmpdir=/data/local/tmp
1790754632636  MAA_LOAD_OK
1790754632844  SETUP_DONE
==== service boot pid=27809 OnePlus PKG110 api=36 abi=arm64-v8a t=1790754984847 ====
1790754984576  CTOR_START
1790754984578  CTOR_DONE
1790754984841  SETUP_BEGIN
1790754984845  SETUP_XMSF_RESTORED
1790754984850  MAA_LOAD_BEGIN  jna.tmpdir=/data/local/tmp
1790754984888  MAA_LOAD_OK
1790754985037  SETUP_DONE
==== service boot pid=10055 OnePlus PKG110 api=36 abi=arm64-v8a t=1790756614184 ====
1790756613606  CTOR_START
1790756613608  CTOR_DONE
1790756614182  SETUP_BEGIN
1790756614183  SETUP_XMSF_RESTORED
1790756614184  MAA_LOAD_BEGIN  jna.tmpdir=/data/local/tmp
1790756614271  MAA_LOAD_OK
1790756614503  SETUP_DONE
==== service boot pid=1621 OnePlus PKG110 api=36 abi=arm64-v8a t=1790757079718 ====
1790757079226  CTOR_START
1790757079227  CTOR_DONE
1790757079714  SETUP_BEGIN
1790757079716  SETUP_XMSF_RESTORED
1790757079727  MAA_LOAD_BEGIN  jna.tmpdir=/data/local/tmp
1790757079774  MAA_LOAD_OK
1790757079856  SETUP_DONE
==== service boot pid=20018 OnePlus PKG110 api=36 abi=arm64-v8a t=1790762490033 ====
1790762489479  CTOR_START
1790762489481  CTOR_DONE
1790762490032  SETUP_BEGIN
1790762490033  SETUP_XMSF_RESTORED
1790762490034  MAA_LOAD_BEGIN  jna.tmpdir=/data/local/tmp
1790762490146  MAA_LOAD_OK
1790762490224  SETUP_DONE
==== service boot pid=10645 OnePlus PKG110 api=36 abi=arm64-v8a t=1790788385679 ====
1790788384937  CTOR_START
1790788384941  CTOR_DONE
1790788385675  SETUP_BEGIN
1790788385678  SETUP_XMSF_RESTORED
1790788385679  MAA_LOAD_BEGIN  jna.tmpdir=/data/local/tmp
1790788385793  MAA_LOAD_OK
1790788385962  SETUP_DONE
==== service boot pid=22186 OnePlus PKG110 api=36 abi=arm64-v8a t=1790788661070 ====
1790788659894  CTOR_START
1790788659896  CTOR_DONE
1790788661066  SETUP_BEGIN
1790788661068  SETUP_XMSF_RESTORED
1790788661073  MAA_LOAD_BEGIN  jna.tmpdir=/data/local/tmp
1790788661099  MAA_LOAD_OK
1790788661263  SETUP_DONE
==== service boot pid=10828 OnePlus PKG110 api=36 abi=arm64-v8a t=1790789912211 ====
1790789911066  CTOR_START
1790789911069  CTOR_DONE
1790789911741  SETUP_BEGIN
1790789912210  SETUP_XMSF_RESTORED
1790789912211  MAA_LOAD_BEGIN  jna.tmpdir=/data/local/tmp
1790789912313  MAA_LOAD_OK
1790789912958  SETUP_DONE
==== service boot pid=21163 OnePlus PKG110 api=36 abi=arm64-v8a t=1790790153973 ====
1790790152779  CTOR_START
1790790152780  CTOR_DONE
1790790153960  SETUP_BEGIN
1790790153968  SETUP_XMSF_RESTORED
1790790153979  MAA_LOAD_BEGIN  jna.tmpdir=/data/local/tmp
1790790154027  MAA_LOAD_OK
1790790154249  SETUP_DONE
==== service boot pid=9148 OnePlus PKG110 api=36 abi=arm64-v8a t=1790790589140 ====
1790790589045  CTOR_START
1790790589049  CTOR_DONE
1790790589137  SETUP_BEGIN
1790790589139  SETUP_XMSF_RESTORED
1790790589141  MAA_LOAD_BEGIN  jna.tmpdir=/data/local/tmp
1790790589290  MAA_LOAD_OK
1790790589462  SETUP_DONE
==== service boot pid=21530 OnePlus PKG110 api=36 abi=arm64-v8a t=1790790857363 ====
1790790856263  CTOR_START
1790790856264  CTOR_DONE
1790790857358  SETUP_BEGIN
1790790857361  SETUP_XMSF_RESTORED
1790790857364  MAA_LOAD_BEGIN  jna.tmpdir=/data/local/tmp
1790790857392  MAA_LOAD_OK
1790790857609  SETUP_DONE
==== service boot pid=10837 OnePlus PKG110 api=36 abi=arm64-v8a t=1790791988639 ====
1790791988462  CTOR_START
1790791988465  CTOR_DONE
1790791988634  SETUP_BEGIN
1790791988638  SETUP_XMSF_RESTORED
1790791988639  MAA_LOAD_BEGIN  jna.tmpdir=/data/local/tmp
1790791988754  MAA_LOAD_OK
1790791988958  SETUP_DONE
==== service boot pid=17719 OnePlus PKG110 api=36 abi=arm64-v8a t=1790792228904 ====
1790792228312  CTOR_START
1790792228314  CTOR_DONE
1790792228900  SETUP_BEGIN
1790792228903  SETUP_XMSF_RESTORED
1790792228905  MAA_LOAD_BEGIN  jna.tmpdir=/data/local/tmp
1790792229055  MAA_LOAD_OK
1790792229293  SETUP_DONE
==== service boot pid=19003 OnePlus PKG110 api=36 abi=arm64-v8a t=1790792603339 ====
1790792601986  CTOR_START
1790792601987  CTOR_DONE
1790792603260  SETUP_BEGIN
1790792603338  SETUP_XMSF_RESTORED
1790792603341  MAA_LOAD_BEGIN  jna.tmpdir=/data/local/tmp
1790792603513  MAA_LOAD_OK
1790792604032  SETUP_DONE
==== service boot pid=1613 OnePlus PKG110 api=36 abi=arm64-v8a t=1790792887523 ====
1790792887293  CTOR_START
1790792887294  CTOR_DONE
1790792887514  SETUP_BEGIN
1790792887521  SETUP_XMSF_RESTORED
1790792887526  MAA_LOAD_BEGIN  jna.tmpdir=/data/local/tmp
1790792887564  MAA_LOAD_OK
1790792887725  SETUP_DONE
==== service boot pid=10508 OnePlus PKG110 api=36 abi=arm64-v8a t=1790792962279 ====
1790792961969  CTOR_START
1790792961981  CTOR_DONE
1790792962276  SETUP_BEGIN
1790792962279  SETUP_XMSF_RESTORED
1790792962281  MAA_LOAD_BEGIN  jna.tmpdir=/data/local/tmp
1790792962413  MAA_LOAD_OK
1790792962577  SETUP_DONE
==== service boot pid=10555 OnePlus PKG110 api=36 abi=arm64-v8a t=1790793126698 ====
1790793126533  CTOR_START
1790793126535  CTOR_DONE
1790793126697  SETUP_BEGIN
1790793126698  SETUP_XMSF_RESTORED
1790793126699  MAA_LOAD_BEGIN  jna.tmpdir=/data/local/tmp
1790793126835  MAA_LOAD_OK
1790793127126  SETUP_DONE
==== service boot pid=10213 OnePlus PKG110 api=36 abi=arm64-v8a t=1790793321087 ====
1790793320221  CTOR_START
1790793320224  CTOR_DONE
1790793321085  SETUP_BEGIN
1790793321086  SETUP_XMSF_RESTORED
1790793321088  MAA_LOAD_BEGIN  jna.tmpdir=/data/local/tmp
1790793321206  MAA_LOAD_OK
1790793321351  SETUP_DONE
==== service boot pid=11295 OnePlus PKG110 api=36 abi=arm64-v8a t=1790793574696 ====
1790793574087  CTOR_START
1790793574089  CTOR_DONE
1790793574693  SETUP_BEGIN
1790793574694  SETUP_XMSF_RESTORED
1790793574696  MAA_LOAD_BEGIN  jna.tmpdir=/data/local/tmp
1790793574813  MAA_LOAD_OK
1790793575216  SETUP_DONE
==== service boot pid=22460 OnePlus PKG110 api=36 abi=arm64-v8a t=1790793833405 ====
1790793833260  CTOR_START
1790793833261  CTOR_DONE
1790793833398  SETUP_BEGIN
1790793833404  SETUP_XMSF_RESTORED
1790793833410  MAA_LOAD_BEGIN  jna.tmpdir=/data/local/tmp
1790793833437  MAA_LOAD_OK
1790793833621  SETUP_DONE
==== service boot pid=18444 OnePlus PKG110 api=36 abi=arm64-v8a t=1790793919792 ====
1790793919656  CTOR_START
1790793919657  CTOR_DONE
1790793919783  SETUP_BEGIN
1790793919791  SETUP_XMSF_RESTORED
1790793919792  MAA_LOAD_BEGIN  jna.tmpdir=/data/local/tmp
1790793919889  MAA_LOAD_OK
1790793920077  SETUP_DONE
==== service boot pid=10464 OnePlus PKG110 api=36 abi=arm64-v8a t=1790794080088 ====
1790794078135  CTOR_START
1790794078143  CTOR_DONE
1790794079517  SETUP_BEGIN
1790794080086  SETUP_XMSF_RESTORED
1790794080089  MAA_LOAD_BEGIN  jna.tmpdir=/data/local/tmp
1790794080193  MAA_LOAD_OK
1790794080350  SETUP_DONE
==== service boot pid=26014 OnePlus PKG110 api=36 abi=arm64-v8a t=1790794326123 ====
1790794325894  CTOR_START
1790794325896  CTOR_DONE
1790794326121  SETUP_BEGIN
1790794326122  SETUP_XMSF_RESTORED
1790794326126  MAA_LOAD_BEGIN  jna.tmpdir=/data/local/tmp
1790794326172  MAA_LOAD_OK
1790794326256  SETUP_DONE
==== service boot pid=18801 OnePlus PKG110 api=36 abi=arm64-v8a t=1790795003394 ====
1790795002034  CTOR_START
1790795002046  CTOR_DONE
1790795003365  SETUP_BEGIN
1790795003393  SETUP_XMSF_RESTORED
1790795003394  MAA_LOAD_BEGIN  jna.tmpdir=/data/local/tmp
1790795003478  MAA_LOAD_OK
1790795003748  SETUP_DONE
==== service boot pid=18984 OnePlus PKG110 api=36 abi=arm64-v8a t=1790795128095 ====
1790795127913  CTOR_START
1790795127914  CTOR_DONE
1790795128092  SETUP_BEGIN
1790795128093  SETUP_XMSF_RESTORED
1790795128095  MAA_LOAD_BEGIN  jna.tmpdir=/data/local/tmp
1790795128213  MAA_LOAD_OK
1790795128783  SETUP_DONE
==== service boot pid=10805 OnePlus PKG110 api=36 abi=arm64-v8a t=1790795406351 ====
1790795405935  CTOR_START
1790795405937  CTOR_DONE
1790795406347  SETUP_BEGIN
1790795406349  SETUP_XMSF_RESTORED
1790795406351  MAA_LOAD_BEGIN  jna.tmpdir=/data/local/tmp
1790795406472  MAA_LOAD_OK
1790795406673  SETUP_DONE
==== service boot pid=27106 OnePlus PKG110 api=36 abi=arm64-v8a t=1790795667894 ====
1790795667616  CTOR_START
1790795667617  CTOR_DONE
1790795667891  SETUP_BEGIN
1790795667893  SETUP_XMSF_RESTORED
1790795667897  MAA_LOAD_BEGIN  jna.tmpdir=/data/local/tmp
1790795667920  MAA_LOAD_OK
1790795668088  SETUP_DONE
==== service boot pid=11065 OnePlus PKG110 api=36 abi=arm64-v8a t=1790795895722 ====
1790795895341  CTOR_START
1790795895343  CTOR_DONE
1790795895720  SETUP_BEGIN
1790795895721  SETUP_XMSF_RESTORED
1790795895723  MAA_LOAD_BEGIN  jna.tmpdir=/data/local/tmp
1790795895837  MAA_LOAD_OK
1790795895952  SETUP_DONE
==== service boot pid=19307 OnePlus PKG110 api=36 abi=arm64-v8a t=1790796204856 ====
1790796204633  CTOR_START
1790796204639  CTOR_DONE
1790796204854  SETUP_BEGIN
1790796204855  SETUP_XMSF_RESTORED
1790796204856  MAA_LOAD_BEGIN  jna.tmpdir=/data/local/tmp
1790796204963  MAA_LOAD_OK
1790796205196  SETUP_DONE
==== service boot pid=18154 OnePlus PKG110 api=36 abi=arm64-v8a t=1790796467079 ====
1790796466768  CTOR_START
1790796466776  CTOR_DONE
1790796467074  SETUP_BEGIN
1790796467076  SETUP_XMSF_RESTORED
1790796467079  MAA_LOAD_BEGIN  jna.tmpdir=/data/local/tmp
1790796467252  MAA_LOAD_OK
1790796467714  SETUP_DONE
==== service boot pid=10850 OnePlus PKG110 api=36 abi=arm64-v8a t=1790796986024 ====
1790796984616  CTOR_START
1790796984618  CTOR_DONE
1790796986006  SETUP_BEGIN
1790796986023  SETUP_XMSF_RESTORED
1790796986025  MAA_LOAD_BEGIN  jna.tmpdir=/data/local/tmp
1790796986139  MAA_LOAD_OK
1790796986490  SETUP_DONE
==== service boot pid=26626 OnePlus PKG110 api=36 abi=arm64-v8a t=1790797232428 ====
1790797231225  CTOR_START
1790797231226  CTOR_DONE
1790797232423  SETUP_BEGIN
1790797232426  SETUP_XMSF_RESTORED
1790797232431  MAA_LOAD_BEGIN  jna.tmpdir=/data/local/tmp
1790797232470  MAA_LOAD_OK
1790797232631  SETUP_DONE
==== service boot pid=18666 OnePlus PKG110 api=36 abi=arm64-v8a t=1790797551927 ====
1790797551646  CTOR_START
1790797551648  CTOR_DONE
1790797551924  SETUP_BEGIN
1790797551926  SETUP_XMSF_RESTORED
1790797551927  MAA_LOAD_BEGIN  jna.tmpdir=/data/local/tmp
1790797552050  MAA_LOAD_OK
1790797552275  SETUP_DONE
==== service boot pid=18309 OnePlus PKG110 api=36 abi=arm64-v8a t=1790798493856 ====
1790798492057  CTOR_START
1790798492059  CTOR_DONE
1790798493839  SETUP_BEGIN
1790798493855  SETUP_XMSF_RESTORED
1790798493859  MAA_LOAD_BEGIN  jna.tmpdir=/data/local/tmp
1790798493974  MAA_LOAD_OK
1790798494464  SETUP_DONE
==== service boot pid=29769 OnePlus PKG110 api=36 abi=arm64-v8a t=1790798761208 ====
1790798760973  CTOR_START
1790798760974  CTOR_DONE
1790798761202  SETUP_BEGIN
1790798761206  SETUP_XMSF_RESTORED
1790798761208  MAA_LOAD_BEGIN  jna.tmpdir=/data/local/tmp
1790798761253  MAA_LOAD_OK
1790798761418  SETUP_DONE
==== service boot pid=10218 OnePlus PKG110 api=36 abi=arm64-v8a t=1790798963684 ====
1790798963461  CTOR_START
1790798963463  CTOR_DONE
1790798963678  SETUP_BEGIN
1790798963679  SETUP_XMSF_RESTORED
1790798963688  MAA_LOAD_BEGIN  jna.tmpdir=/data/local/tmp
1790798963812  MAA_LOAD_OK
1790798964211  SETUP_DONE
==== service boot pid=19543 OnePlus PKG110 api=36 abi=arm64-v8a t=1790799255412 ====
1790799255193  CTOR_START
1790799255194  CTOR_DONE
1790799255410  SETUP_BEGIN
1790799255411  SETUP_XMSF_RESTORED
1790799255413  MAA_LOAD_BEGIN  jna.tmpdir=/data/local/tmp
1790799255544  MAA_LOAD_OK
1790799255689  SETUP_DONE
==== service boot pid=9910 OnePlus PKG110 api=36 abi=arm64-v8a t=1790799430100 ====
1790799429917  CTOR_START
1790799429941  CTOR_DONE
1790799430097  SETUP_BEGIN
1790799430099  SETUP_XMSF_RESTORED
1790799430101  MAA_LOAD_BEGIN  jna.tmpdir=/data/local/tmp
1790799430217  MAA_LOAD_OK
1790799430395  SETUP_DONE
==== service boot pid=25323 OnePlus PKG110 api=36 abi=arm64-v8a t=1790799673815 ====
1790799673520  CTOR_START
1790799673522  CTOR_DONE
1790799673809  SETUP_BEGIN
1790799673813  SETUP_XMSF_RESTORED
1790799673819  MAA_LOAD_BEGIN  jna.tmpdir=/data/local/tmp
1790799673843  MAA_LOAD_OK
1790799673956  SETUP_DONE
==== service boot pid=19033 OnePlus PKG110 api=36 abi=arm64-v8a t=1790799843677 ====
1790799843146  CTOR_START
1790799843149  CTOR_DONE
1790799843669  SETUP_BEGIN
1790799843675  SETUP_XMSF_RESTORED
1790799843677  MAA_LOAD_BEGIN  jna.tmpdir=/data/local/tmp
1790799843796  MAA_LOAD_OK
1790799843992  SETUP_DONE
==== service boot pid=29678 OnePlus PKG110 api=36 abi=arm64-v8a t=1790800107536 ====
1790800106375  CTOR_START
1790800106377  CTOR_DONE
1790800107530  SETUP_BEGIN
1790800107533  SETUP_XMSF_RESTORED
1790800107539  MAA_LOAD_BEGIN  jna.tmpdir=/data/local/tmp
1790800107589  MAA_LOAD_OK
1790800107802  SETUP_DONE
==== service boot pid=23933 OnePlus PKG110 api=36 abi=arm64-v8a t=1790800676139 ====
1790800675900  CTOR_START
1790800675902  CTOR_DONE
1790800676136  SETUP_BEGIN
1790800676138  SETUP_XMSF_RESTORED
1790800676139  MAA_LOAD_BEGIN  jna.tmpdir=/data/local/tmp
1790800676159  MAA_LOAD_OK
1790800676252  SETUP_DONE
==== service boot pid=23347 OnePlus PKG110 api=36 abi=arm64-v8a t=1790801250474 ====
1790801250310  CTOR_START
1790801250312  CTOR_DONE
1790801250463  SETUP_BEGIN
1790801250470  SETUP_XMSF_RESTORED
1790801250478  MAA_LOAD_BEGIN  jna.tmpdir=/data/local/tmp
1790801250506  MAA_LOAD_OK
1790801250668  SETUP_DONE
==== service boot pid=18605 OnePlus PKG110 api=36 abi=arm64-v8a t=1790802273061 ====
1790802272873  CTOR_START
1790802272883  CTOR_DONE
1790802273058  SETUP_BEGIN
1790802273060  SETUP_XMSF_RESTORED
1790802273062  MAA_LOAD_BEGIN  jna.tmpdir=/data/local/tmp
1790802273163  MAA_LOAD_OK
1790802273585  SETUP_DONE
==== service boot pid=18914 OnePlus PKG110 api=36 abi=arm64-v8a t=1790802605532 ====
1790802605403  CTOR_START
1790802605404  CTOR_DONE
1790802605519  SETUP_BEGIN
1790802605532  SETUP_XMSF_RESTORED
1790802605533  MAA_LOAD_BEGIN  jna.tmpdir=/data/local/tmp
1790802605636  MAA_LOAD_OK
1790802605827  SETUP_DONE
==== service boot pid=18961 OnePlus PKG110 api=36 abi=arm64-v8a t=1790803167135 ====
1790803165841  CTOR_START
1790803165843  CTOR_DONE
1790803167132  SETUP_BEGIN
1790803167133  SETUP_XMSF_RESTORED
1790803167135  MAA_LOAD_BEGIN  jna.tmpdir=/data/local/tmp
1790803167253  MAA_LOAD_OK
1790803167458  SETUP_DONE
==== service boot pid=30919 OnePlus PKG110 api=36 abi=arm64-v8a t=1790803422610 ====
1790803421344  CTOR_START
1790803421346  CTOR_DONE
1790803422605  SETUP_BEGIN
1790803422609  SETUP_XMSF_RESTORED
1790803422614  MAA_LOAD_BEGIN  jna.tmpdir=/data/local/tmp
1790803422664  MAA_LOAD_OK
1790803422865  SETUP_DONE
==== service boot pid=10202 OnePlus PKG110 api=36 abi=arm64-v8a t=1790810615843 ====
1790810615268  CTOR_START
1790810615269  CTOR_DONE
1790810615838  SETUP_BEGIN
1790810615842  SETUP_XMSF_RESTORED
1790810615843  MAA_LOAD_BEGIN  jna.tmpdir=/data/local/tmp
1790810615933  MAA_LOAD_OK
1790810616044  SETUP_DONE
==== service boot pid=18498 OnePlus PKG110 api=36 abi=arm64-v8a t=1790814367501 ====
1790814367345  CTOR_START
1790814367346  CTOR_DONE
1790814367497  SETUP_BEGIN
1790814367500  SETUP_XMSF_RESTORED
1790814367501  MAA_LOAD_BEGIN  jna.tmpdir=/data/local/tmp
1790814367629  MAA_LOAD_OK
1790814368220  SETUP_DONE
==== service boot pid=9301 OnePlus PKG110 api=36 abi=arm64-v8a t=1790814603314 ====
1790814603057  CTOR_START
1790814603059  CTOR_DONE
1790814603311  SETUP_BEGIN
1790814603312  SETUP_XMSF_RESTORED
1790814603314  MAA_LOAD_BEGIN  jna.tmpdir=/data/local/tmp
1790814603455  MAA_LOAD_OK
1790814603887  SETUP_DONE
==== service boot pid=9532 OnePlus PKG110 api=36 abi=arm64-v8a t=1790814859290 ====
1790814858665  CTOR_START
1790814858666  CTOR_DONE
1790814859276  SETUP_BEGIN
1790814859288  SETUP_XMSF_RESTORED
1790814859291  MAA_LOAD_BEGIN  jna.tmpdir=/data/local/tmp
1790814859422  MAA_LOAD_OK
1790814859651  SETUP_DONE
==== service boot pid=10464 OnePlus PKG110 api=36 abi=arm64-v8a t=1790815378678 ====
1790815378412  CTOR_START
1790815378420  CTOR_DONE
1790815378665  SETUP_BEGIN
1790815378675  SETUP_XMSF_RESTORED
1790815378679  MAA_LOAD_BEGIN  jna.tmpdir=/data/local/tmp
1790815378792  MAA_LOAD_OK
1790815379104  SETUP_DONE
==== service boot pid=10711 OnePlus PKG110 api=36 abi=arm64-v8a t=1790816068523 ====
1790816067572  CTOR_START
1790816067579  CTOR_DONE
1790816068518  SETUP_BEGIN
1790816068520  SETUP_XMSF_RESTORED
1790816068523  MAA_LOAD_BEGIN  jna.tmpdir=/data/local/tmp
1790816068640  MAA_LOAD_OK
1790816068818  SETUP_DONE
==== service boot pid=10104 OnePlus PKG110 api=36 abi=arm64-v8a t=1790816722331 ====
1790816722166  CTOR_START
1790816722171  CTOR_DONE
1790816722329  SETUP_BEGIN
1790816722330  SETUP_XMSF_RESTORED
1790816722331  MAA_LOAD_BEGIN  jna.tmpdir=/data/local/tmp
1790816722438  MAA_LOAD_OK
1790816722595  SETUP_DONE
==== service boot pid=9598 OnePlus PKG110 api=36 abi=arm64-v8a t=1790829166315 ====
1790829165934  CTOR_START
1790829165936  CTOR_DONE
1790829166311  SETUP_BEGIN
1790829166314  SETUP_XMSF_RESTORED
1790829166316  MAA_LOAD_BEGIN  jna.tmpdir=/data/local/tmp
1790829166426  MAA_LOAD_OK
1790829166598  SETUP_DONE
==== service boot pid=22600 OnePlus PKG110 api=36 abi=arm64-v8a t=1790829431238 ====
1790829430983  CTOR_START
1790829430985  CTOR_DONE
1790829431231  SETUP_BEGIN
1790829431236  SETUP_XMSF_RESTORED
1790829431242  MAA_LOAD_BEGIN  jna.tmpdir=/data/local/tmp
1790829431284  MAA_LOAD_OK
1790829431451  SETUP_DONE
==== service boot pid=10426 OnePlus PKG110 api=36 abi=arm64-v8a t=1790834487533 ====
1790834487373  CTOR_START
1790834487376  CTOR_DONE
1790834487531  SETUP_BEGIN
1790834487532  SETUP_XMSF_RESTORED
1790834487533  MAA_LOAD_BEGIN  jna.tmpdir=/data/local/tmp
1790834487636  MAA_LOAD_OK
1790834487882  SETUP_DONE
==== service boot pid=22456 OnePlus PKG110 api=36 abi=arm64-v8a t=1790834761303 ====
1790834761035  CTOR_START
1790834761036  CTOR_DONE
1790834761293  SETUP_BEGIN
1790834761300  SETUP_XMSF_RESTORED
1790834761306  MAA_LOAD_BEGIN  jna.tmpdir=/data/local/tmp
1790834761351  MAA_LOAD_OK
1790834761505  SETUP_DONE
==== service boot pid=9617 OnePlus PKG110 api=36 abi=arm64-v8a t=1790835015730 ====
1790835014489  CTOR_START
1790835014490  CTOR_DONE
1790835015728  SETUP_BEGIN
1790835015729  SETUP_XMSF_RESTORED
1790835015730  MAA_LOAD_BEGIN  jna.tmpdir=/data/local/tmp
1790835015869  MAA_LOAD_OK
1790835016206  SETUP_DONE
==== service boot pid=9519 OnePlus PKG110 api=36 abi=arm64-v8a t=1790835272158 ====
1790835271804  CTOR_START
1790835271807  CTOR_DONE
1790835272155  SETUP_BEGIN
1790835272157  SETUP_XMSF_RESTORED
1790835272159  MAA_LOAD_BEGIN  jna.tmpdir=/data/local/tmp
1790835272274  MAA_LOAD_OK
1790835272593  SETUP_DONE
==== service boot pid=22262 OnePlus PKG110 api=36 abi=arm64-v8a t=1790835540744 ====
1790835540478  CTOR_START
1790835540479  CTOR_DONE
1790835540740  SETUP_BEGIN
1790835540742  SETUP_XMSF_RESTORED
1790835540748  MAA_LOAD_BEGIN  jna.tmpdir=/data/local/tmp
1790835540787  MAA_LOAD_OK
1790835540941  SETUP_DONE
==== service boot pid=9902 OnePlus PKG110 api=36 abi=arm64-v8a t=1790835853037 ====
1790835852807  CTOR_START
1790835852809  CTOR_DONE
1790835853035  SETUP_BEGIN
1790835853036  SETUP_XMSF_RESTORED
1790835853038  MAA_LOAD_BEGIN  jna.tmpdir=/data/local/tmp
1790835853150  MAA_LOAD_OK
1790835853314  SETUP_DONE
==== service boot pid=10422 OnePlus PKG110 api=36 abi=arm64-v8a t=1790836153335 ====
1790836151651  CTOR_START
1790836151673  CTOR_DONE
1790836153332  SETUP_BEGIN
1790836153334  SETUP_XMSF_RESTORED
1790836153336  MAA_LOAD_BEGIN  jna.tmpdir=/data/local/tmp
1790836153437  MAA_LOAD_OK
1790836153556  SETUP_DONE
==== service boot pid=24713 OnePlus PKG110 api=36 abi=arm64-v8a t=1790836432617 ====
1790836431465  CTOR_START
1790836431467  CTOR_DONE
1790836432613  SETUP_BEGIN
1790836432615  SETUP_XMSF_RESTORED
1790836432620  MAA_LOAD_BEGIN  jna.tmpdir=/data/local/tmp
1790836432654  MAA_LOAD_OK
1790836432827  SETUP_DONE
==== service boot pid=9964 OnePlus PKG110 api=36 abi=arm64-v8a t=1790840255482 ====
1790840255110  CTOR_START
1790840255111  CTOR_DONE
1790840255478  SETUP_BEGIN
1790840255479  SETUP_XMSF_RESTORED
1790840255483  MAA_LOAD_BEGIN  jna.tmpdir=/data/local/tmp
1790840255605  MAA_LOAD_OK
1790840255854  SETUP_DONE
==== service boot pid=12023 OnePlus PKG110 api=36 abi=arm64-v8a t=1790840617962 ====
1790840616883  CTOR_START
1790840616884  CTOR_DONE
1790840617958  SETUP_BEGIN
1790840617961  SETUP_XMSF_RESTORED
1790840617964  MAA_LOAD_BEGIN  jna.tmpdir=/data/local/tmp
1790840617997  MAA_LOAD_OK
1790840618155  SETUP_DONE
==== service boot pid=10532 OnePlus PKG110 api=36 abi=arm64-v8a t=1790840801848 ====
1790840801637  CTOR_START
1790840801640  CTOR_DONE
1790840801842  SETUP_BEGIN
1790840801847  SETUP_XMSF_RESTORED
1790840801848  MAA_LOAD_BEGIN  jna.tmpdir=/data/local/tmp
1790840801974  MAA_LOAD_OK
1790840802310  SETUP_DONE
==== service boot pid=28998 OnePlus PKG110 api=36 abi=arm64-v8a t=1790841450395 ====
1790841450177  CTOR_START
1790841450179  CTOR_DONE
1790841450393  SETUP_BEGIN
1790841450394  SETUP_XMSF_RESTORED
1790841450399  MAA_LOAD_BEGIN  jna.tmpdir=/data/local/tmp
1790841450424  MAA_LOAD_OK
1790841450507  SETUP_DONE
==== service boot pid=11321 OnePlus PKG110 api=36 abi=arm64-v8a t=1790846332977 ====
1790846331927  CTOR_START
1790846331930  CTOR_DONE
1790846332974  SETUP_BEGIN
1790846332975  SETUP_XMSF_RESTORED
1790846332977  MAA_LOAD_BEGIN  jna.tmpdir=/data/local/tmp
1790846333100  MAA_LOAD_OK
1790846333254  SETUP_DONE
==== service boot pid=10469 OnePlus PKG110 api=36 abi=arm64-v8a t=1790846623423 ====
1790846623270  CTOR_START
1790846623271  CTOR_DONE
1790846623418  SETUP_BEGIN
1790846623421  SETUP_XMSF_RESTORED
1790846623429  MAA_LOAD_BEGIN  jna.tmpdir=/data/local/tmp
1790846623457  MAA_LOAD_OK
1790846623628  SETUP_DONE
==== service boot pid=10613 OnePlus PKG110 api=36 abi=arm64-v8a t=1790847259282 ====
1790847258964  CTOR_START
1790847258966  CTOR_DONE
1790847259225  SETUP_BEGIN
1790847259281  SETUP_XMSF_RESTORED
1790847259282  MAA_LOAD_BEGIN  jna.tmpdir=/data/local/tmp
1790847259396  MAA_LOAD_OK
1790847259778  SETUP_DONE
==== service boot pid=1774 OnePlus PKG110 api=36 abi=arm64-v8a t=1790847532034 ====
1790847531885  CTOR_START
1790847531887  CTOR_DONE
1790847532027  SETUP_BEGIN
1790847532034  SETUP_XMSF_RESTORED
1790847532039  MAA_LOAD_BEGIN  jna.tmpdir=/data/local/tmp
1790847532085  MAA_LOAD_OK
1790847532217  SETUP_DONE
==== service boot pid=9695 OnePlus PKG110 api=36 abi=arm64-v8a t=1790847992351 ====
1790847992230  CTOR_START
1790847992231  CTOR_DONE
1790847992349  SETUP_BEGIN
1790847992350  SETUP_XMSF_RESTORED
1790847992351  MAA_LOAD_BEGIN  jna.tmpdir=/data/local/tmp
1790847992464  MAA_LOAD_OK
1790847992609  SETUP_DONE
==== service boot pid=14001 OnePlus PKG110 api=36 abi=arm64-v8a t=1790848261374 ====
1790848260433  CTOR_START
1790848260434  CTOR_DONE
1790848261368  SETUP_BEGIN
1790848261372  SETUP_XMSF_RESTORED
1790848261375  MAA_LOAD_BEGIN  jna.tmpdir=/data/local/tmp
1790848261409  MAA_LOAD_OK
1790848261504  SETUP_DONE
==== service boot pid=10897 OnePlus PKG110 api=36 abi=arm64-v8a t=1790848328006 ====
1790848327579  CTOR_START
1790848327582  CTOR_DONE
1790848328004  SETUP_BEGIN
1790848328005  SETUP_XMSF_RESTORED
1790848328006  MAA_LOAD_BEGIN  jna.tmpdir=/data/local/tmp
1790848328117  MAA_LOAD_OK
1790848328392  SETUP_DONE
==== service boot pid=10210 OnePlus PKG110 api=36 abi=arm64-v8a t=1790848563848 ====
1790848563667  CTOR_START
1790848563669  CTOR_DONE
1790848563843  SETUP_BEGIN
1790848563847  SETUP_XMSF_RESTORED
1790848563849  MAA_LOAD_BEGIN  jna.tmpdir=/data/local/tmp
1790848564004  MAA_LOAD_OK
1790848564208  SETUP_DONE
==== service boot pid=14685 OnePlus PKG110 api=36 abi=arm64-v8a t=1790848815625 ====
1790848815471  CTOR_START
1790848815473  CTOR_DONE
1790848815622  SETUP_BEGIN
1790848815624  SETUP_XMSF_RESTORED
1790848815626  MAA_LOAD_BEGIN  jna.tmpdir=/data/local/tmp
1790848815660  MAA_LOAD_OK
1790848815780  SETUP_DONE
==== service boot pid=9375 OnePlus PKG110 api=36 abi=arm64-v8a t=1790849477472 ====
1790849476693  CTOR_START
1790849476696  CTOR_DONE
1790849477451  SETUP_BEGIN
1790849477471  SETUP_XMSF_RESTORED
1790849477473  MAA_LOAD_BEGIN  jna.tmpdir=/data/local/tmp
1790849477612  MAA_LOAD_OK
1790849478020  SETUP_DONE
==== service boot pid=10438 OnePlus PKG110 api=36 abi=arm64-v8a t=1790849856877 ====
1790849856602  CTOR_START
1790849856616  CTOR_DONE
1790849856873  SETUP_BEGIN
1790849856876  SETUP_XMSF_RESTORED
1790849856877  MAA_LOAD_BEGIN  jna.tmpdir=/data/local/tmp
1790849856984  MAA_LOAD_OK
1790849857129  SETUP_DONE
==== service boot pid=9713 OnePlus PKG110 api=36 abi=arm64-v8a t=1790850186171 ====
1790850185611  CTOR_START
1790850185613  CTOR_DONE
1790850186165  SETUP_BEGIN
1790850186170  SETUP_XMSF_RESTORED
1790850186171  MAA_LOAD_BEGIN  jna.tmpdir=/data/local/tmp
1790850186303  MAA_LOAD_OK
1790850186552  SETUP_DONE
==== service boot pid=15893 OnePlus PKG110 api=36 abi=arm64-v8a t=1790850577390 ====
1790850577148  CTOR_START
1790850577149  CTOR_DONE
1790850577388  SETUP_BEGIN
1790850577389  SETUP_XMSF_RESTORED
1790850577394  MAA_LOAD_BEGIN  jna.tmpdir=/data/local/tmp
1790850577433  MAA_LOAD_OK
1790850577600  SETUP_DONE
==== service boot pid=10615 OnePlus PKG110 api=36 abi=arm64-v8a t=1790860609549 ====
1790860609405  CTOR_START
1790860609409  CTOR_DONE
1790860609548  SETUP_BEGIN
1790860609549  SETUP_XMSF_RESTORED
1790860609550  MAA_LOAD_BEGIN  jna.tmpdir=/data/local/tmp
1790860609657  MAA_LOAD_OK
1790860609956  SETUP_DONE
==== service boot pid=10494 OnePlus PKG110 api=36 abi=arm64-v8a t=1790860932147 ====
1790860931369  CTOR_START
1790860931370  CTOR_DONE
1790860932146  SETUP_BEGIN
1790860932147  SETUP_XMSF_RESTORED
1790860932148  MAA_LOAD_BEGIN  jna.tmpdir=/data/local/tmp
1790860932251  MAA_LOAD_OK
1790860932377  SETUP_DONE
==== service boot pid=1843 OnePlus PKG110 api=36 abi=arm64-v8a t=1790861212246 ====
1790861211917  CTOR_START
1790861211919  CTOR_DONE
1790861212239  SETUP_BEGIN
1790861212243  SETUP_XMSF_RESTORED
1790861212250  MAA_LOAD_BEGIN  jna.tmpdir=/data/local/tmp
1790861212278  MAA_LOAD_OK
1790861212453  SETUP_DONE
==== service boot pid=10221 OnePlus PKG110 api=36 abi=arm64-v8a t=1790861381566 ====
1790861381063  CTOR_START
1790861381064  CTOR_DONE
1790861381525  SETUP_BEGIN
1790861381565  SETUP_XMSF_RESTORED
1790861381567  MAA_LOAD_BEGIN  jna.tmpdir=/data/local/tmp
1790861381741  MAA_LOAD_OK
1790861382325  SETUP_DONE
==== service boot pid=11154 OnePlus PKG110 api=36 abi=arm64-v8a t=1790861712117 ====
1790861711445  CTOR_START
1790861711447  CTOR_DONE
1790861712096  SETUP_BEGIN
1790861712116  SETUP_XMSF_RESTORED
1790861712118  MAA_LOAD_BEGIN  jna.tmpdir=/data/local/tmp
1790861712237  MAA_LOAD_OK
1790861712654  SETUP_DONE
==== service boot pid=11051 OnePlus PKG110 api=36 abi=arm64-v8a t=1790861885192 ====
1790861884877  CTOR_START
1790861884888  CTOR_DONE
1790861885189  SETUP_BEGIN
1790861885190  SETUP_XMSF_RESTORED
1790861885193  MAA_LOAD_BEGIN  jna.tmpdir=/data/local/tmp
1790861885314  MAA_LOAD_OK
1790861885448  SETUP_DONE
==== service boot pid=27739 OnePlus PKG110 api=36 abi=arm64-v8a t=1790862162520 ====
1790862162112  CTOR_START
1790862162114  CTOR_DONE
1790862162515  SETUP_BEGIN
1790862162518  SETUP_XMSF_RESTORED
1790862162525  MAA_LOAD_BEGIN  jna.tmpdir=/data/local/tmp
1790862162559  MAA_LOAD_OK
1790862162713  SETUP_DONE
==== service boot pid=10843 OnePlus PKG110 api=36 abi=arm64-v8a t=1790862403772 ====
1790862403354  CTOR_START
1790862403355  CTOR_DONE
1790862403752  SETUP_BEGIN
1790862403770  SETUP_XMSF_RESTORED
1790862403772  MAA_LOAD_BEGIN  jna.tmpdir=/data/local/tmp
1790862403891  MAA_LOAD_OK
1790862404102  SETUP_DONE
==== service boot pid=10159 OnePlus PKG110 api=36 abi=arm64-v8a t=1790862597289 ====
1790862595808  CTOR_START
1790862595810  CTOR_DONE
1790862597286  SETUP_BEGIN
1790862597288  SETUP_XMSF_RESTORED
1790862597290  MAA_LOAD_BEGIN  jna.tmpdir=/data/local/tmp
1790862597402  MAA_LOAD_OK
1790862597579  SETUP_DONE
==== service boot pid=9863 OnePlus PKG110 api=36 abi=arm64-v8a t=1790862870663 ====
1790862868663  CTOR_START
1790862868666  CTOR_DONE
1790862870660  SETUP_BEGIN
1790862870662  SETUP_XMSF_RESTORED
1790862870663  MAA_LOAD_BEGIN  jna.tmpdir=/data/local/tmp
1790862870779  MAA_LOAD_OK
1790862870964  SETUP_DONE
==== service boot pid=11039 OnePlus PKG110 api=36 abi=arm64-v8a t=1790863150013 ====
1790863148505  CTOR_START
1790863148507  CTOR_DONE
1790863150008  SETUP_BEGIN
1790863150011  SETUP_XMSF_RESTORED
1790863150015  MAA_LOAD_BEGIN  jna.tmpdir=/data/local/tmp
1790863150048  MAA_LOAD_OK
1790863150298  SETUP_DONE
==== service boot pid=10431 OnePlus PKG110 api=36 abi=arm64-v8a t=1790863295204 ====
1790863294535  CTOR_START
1790863294537  CTOR_DONE
1790863295201  SETUP_BEGIN
1790863295203  SETUP_XMSF_RESTORED
1790863295205  MAA_LOAD_BEGIN  jna.tmpdir=/data/local/tmp
1790863295330  MAA_LOAD_OK
1790863295515  SETUP_DONE
==== service boot pid=22977 OnePlus PKG110 api=36 abi=arm64-v8a t=1790863568580 ====
1790863568180  CTOR_START
1790863568182  CTOR_DONE
1790863568575  SETUP_BEGIN
1790863568578  SETUP_XMSF_RESTORED
1790863568584  MAA_LOAD_BEGIN  jna.tmpdir=/data/local/tmp
1790863568616  MAA_LOAD_OK
1790863568806  SETUP_DONE
==== service boot pid=9776 OnePlus PKG110 api=36 abi=arm64-v8a t=1790863711781 ====
1790863711383  CTOR_START
1790863711385  CTOR_DONE
1790863711772  SETUP_BEGIN
1790863711780  SETUP_XMSF_RESTORED
1790863711782  MAA_LOAD_BEGIN  jna.tmpdir=/data/local/tmp
1790863711884  MAA_LOAD_OK
1790863712149  SETUP_DONE
==== service boot pid=22382 OnePlus PKG110 api=36 abi=arm64-v8a t=1790863961828 ====
1790863960927  CTOR_START
1790863960929  CTOR_DONE
1790863961815  SETUP_BEGIN
1790863961824  SETUP_XMSF_RESTORED
1790863961833  MAA_LOAD_BEGIN  jna.tmpdir=/data/local/tmp
1790863961901  MAA_LOAD_OK
1790863962079  SETUP_DONE
==== service boot pid=10301 OnePlus PKG110 api=36 abi=arm64-v8a t=1790864723153 ====
1790864721911  CTOR_START
1790864721914  CTOR_DONE
1790864723150  SETUP_BEGIN
1790864723152  SETUP_XMSF_RESTORED
1790864723154  MAA_LOAD_BEGIN  jna.tmpdir=/data/local/tmp
1790864723275  MAA_LOAD_OK
1790864723556  SETUP_DONE
==== service boot pid=24976 OnePlus PKG110 api=36 abi=arm64-v8a t=1790864988460 ====
1790864986793  CTOR_START
1790864986794  CTOR_DONE
1790864988447  SETUP_BEGIN
1790864988455  SETUP_XMSF_RESTORED
1790864988463  MAA_LOAD_BEGIN  jna.tmpdir=/data/local/tmp
1790864988513  MAA_LOAD_OK
1790864988757  SETUP_DONE
==== service boot pid=10626 OnePlus PKG110 api=36 abi=arm64-v8a t=1790865777200 ====
1790865775560  CTOR_START
1790865775562  CTOR_DONE
1790865777067  SETUP_BEGIN
1790865777199  SETUP_XMSF_RESTORED
1790865777200  MAA_LOAD_BEGIN  jna.tmpdir=/data/local/tmp
1790865777312  MAA_LOAD_OK
1790865777515  SETUP_DONE
==== service boot pid=9766 OnePlus PKG110 api=36 abi=arm64-v8a t=1790865989802 ====
1790865989590  CTOR_START
1790865989594  CTOR_DONE
1790865989786  SETUP_BEGIN
1790865989801  SETUP_XMSF_RESTORED
1790865989802  MAA_LOAD_BEGIN  jna.tmpdir=/data/local/tmp
1790865989910  MAA_LOAD_OK
1790865989986  SETUP_DONE
==== service boot pid=22840 OnePlus PKG110 api=36 abi=arm64-v8a t=1790866270652 ====
1790866269963  CTOR_START
1790866269965  CTOR_DONE
1790866270645  SETUP_BEGIN
1790866270649  SETUP_XMSF_RESTORED
1790866270656  MAA_LOAD_BEGIN  jna.tmpdir=/data/local/tmp
1790866270689  MAA_LOAD_OK
1790866270788  SETUP_DONE
==== service boot pid=10188 OnePlus PKG110 api=36 abi=arm64-v8a t=1790869509902 ====
1790869509346  CTOR_START
1790869509347  CTOR_DONE
1790869509899  SETUP_BEGIN
1790869509901  SETUP_XMSF_RESTORED
1790869509902  MAA_LOAD_BEGIN  jna.tmpdir=/data/local/tmp
1790869510026  MAA_LOAD_OK
1790869510345  SETUP_DONE
==== service boot pid=9395 OnePlus PKG110 api=36 abi=arm64-v8a t=1790869590073 ====
1790869589048  CTOR_START
1790869589054  CTOR_DONE
1790869590064  SETUP_BEGIN
1790869590072  SETUP_XMSF_RESTORED
1790869590074  MAA_LOAD_BEGIN  jna.tmpdir=/data/local/tmp
1790869590167  MAA_LOAD_OK
1790869590397  SETUP_DONE
==== service boot pid=9872 OnePlus PKG110 api=36 abi=arm64-v8a t=1790869728934 ====
1790869728805  CTOR_START
1790869728807  CTOR_DONE
1790869728932  SETUP_BEGIN
1790869728933  SETUP_XMSF_RESTORED
1790869728935  MAA_LOAD_BEGIN  jna.tmpdir=/data/local/tmp
1790869729047  MAA_LOAD_OK
1790869729196  SETUP_DONE
==== service boot pid=10309 OnePlus PKG110 api=36 abi=arm64-v8a t=1790869858919 ====
1790869858567  CTOR_START
1790869858570  CTOR_DONE
1790869858916  SETUP_BEGIN
1790869858917  SETUP_XMSF_RESTORED
1790869858919  MAA_LOAD_BEGIN  jna.tmpdir=/data/local/tmp
1790869859015  MAA_LOAD_OK
1790869859679  SETUP_DONE
==== service boot pid=10491 OnePlus PKG110 api=36 abi=arm64-v8a t=1790870105199 ====
1790870105039  CTOR_START
1790870105042  CTOR_DONE
1790870105197  SETUP_BEGIN
1790870105198  SETUP_XMSF_RESTORED
1790870105199  MAA_LOAD_BEGIN  jna.tmpdir=/data/local/tmp
1790870105329  MAA_LOAD_OK
1790870105652  SETUP_DONE
==== service boot pid=24650 OnePlus PKG110 api=36 abi=arm64-v8a t=1790870369720 ====
1790870367987  CTOR_START
1790870367988  CTOR_DONE
1790870369716  SETUP_BEGIN
1790870369719  SETUP_XMSF_RESTORED
1790870369721  MAA_LOAD_BEGIN  jna.tmpdir=/data/local/tmp
1790870369750  MAA_LOAD_OK
1790870369943  SETUP_DONE
==== service boot pid=29731 OnePlus PKG110 api=36 abi=arm64-v8a t=1790891670871 ====
1790891670612  CTOR_START
1790891670613  CTOR_DONE
1790891670869  SETUP_BEGIN
1790891670870  SETUP_XMSF_RESTORED
1790891670872  MAA_LOAD_BEGIN  jna.tmpdir=/data/local/tmp
1790891671010  MAA_LOAD_OK
1790891671408  SETUP_DONE
==== service boot pid=17197 OnePlus PKG110 api=36 abi=arm64-v8a t=1790902199989 ====
1790902196430  CTOR_START
1790902196431  CTOR_DONE
1790902199984  SETUP_BEGIN
1790902199987  SETUP_XMSF_RESTORED
1790902199991  MAA_LOAD_BEGIN  jna.tmpdir=/data/local/tmp
1790902200018  MAA_LOAD_OK
1790902200150  SETUP_DONE
==== service boot pid=13974 OnePlus PKG110 api=36 abi=arm64-v8a t=1790935201426 ====
1790935200960  CTOR_START
1790935200962  CTOR_DONE
1790935201424  SETUP_BEGIN
1790935201425  SETUP_XMSF_RESTORED
1790935201427  MAA_LOAD_BEGIN  jna.tmpdir=/data/local/tmp
1790935201620  MAA_LOAD_OK
1790935202047  SETUP_DONE
==== service boot pid=10044 OnePlus PKG110 api=36 abi=arm64-v8a t=1790955815552 ====
1790955814885  CTOR_START
1790955814886  CTOR_DONE
1790955815547  SETUP_BEGIN
1790955815551  SETUP_XMSF_RESTORED
1790955815555  MAA_LOAD_BEGIN  jna.tmpdir=/data/local/tmp
1790955815669  MAA_LOAD_OK
1790955815862  SETUP_DONE
==== service boot pid=22697 OnePlus PKG110 api=36 abi=arm64-v8a t=1790956091648 ====
1790956090945  CTOR_START
1790956090946  CTOR_DONE
1790956091645  SETUP_BEGIN
1790956091647  SETUP_XMSF_RESTORED
1790956091650  MAA_LOAD_BEGIN  jna.tmpdir=/data/local/tmp
1790956091686  MAA_LOAD_OK
1790956091782  SETUP_DONE
==== service boot pid=11016 OnePlus PKG110 api=36 abi=arm64-v8a t=1790956383769 ====
1790956353568  CTOR_START
1790956353576  CTOR_DONE
1790956383759  SETUP_BEGIN
1790956383765  SETUP_XMSF_RESTORED
1790956383770  MAA_LOAD_BEGIN  jna.tmpdir=/data/local/tmp
1790956383895  MAA_LOAD_OK
1790956383981  SETUP_DONE
==== service boot pid=10224 OnePlus PKG110 api=36 abi=arm64-v8a t=1790956460925 ====
1790956460806  CTOR_START
1790956460807  CTOR_DONE
1790956460923  SETUP_BEGIN
1790956460924  SETUP_XMSF_RESTORED
1790956460925  MAA_LOAD_BEGIN  jna.tmpdir=/data/local/tmp
1790956461050  MAA_LOAD_OK
1790956461214  SETUP_DONE
==== service boot pid=10974 OnePlus PKG110 api=36 abi=arm64-v8a t=1790956588884 ====
1790956588346  CTOR_START
1790956588348  CTOR_DONE
1790956588882  SETUP_BEGIN
1790956588883  SETUP_XMSF_RESTORED
1790956588884  MAA_LOAD_BEGIN  jna.tmpdir=/data/local/tmp
1790956588998  MAA_LOAD_OK
1790956589105  SETUP_DONE
==== service boot pid=9961 OnePlus PKG110 api=36 abi=arm64-v8a t=1790956676043 ====
1790956675621  CTOR_START
1790956675623  CTOR_DONE
1790956676040  SETUP_BEGIN
1790956676042  SETUP_XMSF_RESTORED
1790956676044  MAA_LOAD_BEGIN  jna.tmpdir=/data/local/tmp
1790956676147  MAA_LOAD_OK
1790956676415  SETUP_DONE
==== service boot pid=23611 OnePlus PKG110 api=36 abi=arm64-v8a t=1790956944174 ====
1790956943861  CTOR_START
1790956943863  CTOR_DONE
1790956944167  SETUP_BEGIN
1790956944172  SETUP_XMSF_RESTORED
1790956944179  MAA_LOAD_BEGIN  jna.tmpdir=/data/local/tmp
1790956944210  MAA_LOAD_OK
1790956944301  SETUP_DONE
==== service boot pid=10495 OnePlus PKG110 api=36 abi=arm64-v8a t=1790957046670 ====
1790957045671  CTOR_START
1790957045673  CTOR_DONE
1790957046668  SETUP_BEGIN
1790957046669  SETUP_XMSF_RESTORED
1790957046670  MAA_LOAD_BEGIN  jna.tmpdir=/data/local/tmp
1790957046776  MAA_LOAD_OK
1790957046917  SETUP_DONE
==== service boot pid=20612 OnePlus PKG110 api=36 abi=arm64-v8a t=1790957287958 ====
1790957287823  CTOR_START
1790957287825  CTOR_DONE
1790957287948  SETUP_BEGIN
1790957287953  SETUP_XMSF_RESTORED
1790957287962  MAA_LOAD_BEGIN  jna.tmpdir=/data/local/tmp
1790957288001  MAA_LOAD_OK
1790957288100  SETUP_DONE
==== service boot pid=10051 OnePlus PKG110 api=36 abi=arm64-v8a t=1790957345893 ====
1790957345067  CTOR_START
1790957345069  CTOR_DONE
1790957345891  SETUP_BEGIN
1790957345893  SETUP_XMSF_RESTORED
1790957345894  MAA_LOAD_BEGIN  jna.tmpdir=/data/local/tmp
1790957346007  MAA_LOAD_OK
1790957346145  SETUP_DONE
==== service boot pid=27131 OnePlus PKG110 api=36 abi=arm64-v8a t=1790957708159 ====
1790957707902  CTOR_START
1790957707904  CTOR_DONE
1790957708137  SETUP_BEGIN
1790957708139  SETUP_XMSF_RESTORED
1790957708160  MAA_LOAD_BEGIN  jna.tmpdir=/data/local/tmp
1790957708184  MAA_LOAD_OK
1790957708275  SETUP_DONE
==== service boot pid=10578 OnePlus PKG110 api=36 abi=arm64-v8a t=1790960407714 ====
1790960407518  CTOR_START
1790960407520  CTOR_DONE
1790960407711  SETUP_BEGIN
1790960407712  SETUP_XMSF_RESTORED
1790960407714  MAA_LOAD_BEGIN  jna.tmpdir=/data/local/tmp
1790960407827  MAA_LOAD_OK
1790960408071  SETUP_DONE
==== service boot pid=24123 OnePlus PKG110 api=36 abi=arm64-v8a t=1790960648083 ====
1790960646970  CTOR_START
1790960646972  CTOR_DONE
1790960648079  SETUP_BEGIN
1790960648082  SETUP_XMSF_RESTORED
1790960648085  MAA_LOAD_BEGIN  jna.tmpdir=/data/local/tmp
1790960648158  MAA_LOAD_OK
1790960648340  SETUP_DONE
==== service boot pid=10928 OnePlus PKG110 api=36 abi=arm64-v8a t=1790963723365 ====
1790963722589  CTOR_START
1790963722595  CTOR_DONE
1790963723345  SETUP_BEGIN
1790963723363  SETUP_XMSF_RESTORED
1790963723365  MAA_LOAD_BEGIN  jna.tmpdir=/data/local/tmp
1790963723480  MAA_LOAD_OK
1790963723635  SETUP_DONE
==== service boot pid=23565 OnePlus PKG110 api=36 abi=arm64-v8a t=1790963973615 ====
1790963972533  CTOR_START
1790963972534  CTOR_DONE
1790963973611  SETUP_BEGIN
1790963973614  SETUP_XMSF_RESTORED
1790963973617  MAA_LOAD_BEGIN  jna.tmpdir=/data/local/tmp
1790963973658  MAA_LOAD_OK
1790963973827  SETUP_DONE
==== service boot pid=9980 OnePlus PKG110 api=36 abi=arm64-v8a t=1790964057430 ====
1790964057228  CTOR_START
1790964057229  CTOR_DONE
1790964057426  SETUP_BEGIN
1790964057430  SETUP_XMSF_RESTORED
1790964057431  MAA_LOAD_BEGIN  jna.tmpdir=/data/local/tmp
1790964057524  MAA_LOAD_OK
1790964057619  SETUP_DONE
==== service boot pid=24253 OnePlus PKG110 api=36 abi=arm64-v8a t=1790964326925 ====
1790964326663  CTOR_START
1790964326664  CTOR_DONE
1790964326915  SETUP_BEGIN
1790964326919  SETUP_XMSF_RESTORED
1790964326927  MAA_LOAD_BEGIN  jna.tmpdir=/data/local/tmp
1790964326963  MAA_LOAD_OK
1790964327072  SETUP_DONE
==== service boot pid=10887 OnePlus PKG110 api=36 abi=arm64-v8a t=1790964690992 ====
1790964690687  CTOR_START
1790964690690  CTOR_DONE
1790964690990  SETUP_BEGIN
1790964690992  SETUP_XMSF_RESTORED
1790964690992  MAA_LOAD_BEGIN  jna.tmpdir=/data/local/tmp
1790964691090  MAA_LOAD_OK
1790964691353  SETUP_DONE
==== service boot pid=22848 OnePlus PKG110 api=36 abi=arm64-v8a t=1790964939237 ====
1790964939008  CTOR_START
1790964939009  CTOR_DONE
1790964939233  SETUP_BEGIN
1790964939235  SETUP_XMSF_RESTORED
1790964939238  MAA_LOAD_BEGIN  jna.tmpdir=/data/local/tmp
1790964939266  MAA_LOAD_OK
1790964939343  SETUP_DONE
==== service boot pid=11215 OnePlus PKG110 api=36 abi=arm64-v8a t=1790965599158 ====
1790965598427  CTOR_START
1790965598428  CTOR_DONE
1790965599156  SETUP_BEGIN
1790965599157  SETUP_XMSF_RESTORED
1790965599159  MAA_LOAD_BEGIN  jna.tmpdir=/data/local/tmp
1790965599296  MAA_LOAD_OK
1790965599479  SETUP_DONE
==== service boot pid=27960 OnePlus PKG110 api=36 abi=arm64-v8a t=1790965974245 ====
1790965974031  CTOR_START
1790965974034  CTOR_DONE
1790965974241  SETUP_BEGIN
1790965974243  SETUP_XMSF_RESTORED
1790965974250  MAA_LOAD_BEGIN  jna.tmpdir=/data/local/tmp
1790965974317  MAA_LOAD_OK
1790965974457  SETUP_DONE
==== service boot pid=11409 OnePlus PKG110 api=36 abi=arm64-v8a t=1790969533725 ====
1790969533117  CTOR_START
1790969533121  CTOR_DONE
1790969533717  SETUP_BEGIN
1790969533722  SETUP_XMSF_RESTORED
1790969533725  MAA_LOAD_BEGIN  jna.tmpdir=/data/local/tmp
1790969533836  MAA_LOAD_OK
1790969533991  SETUP_DONE
==== service boot pid=23000 OnePlus PKG110 api=36 abi=arm64-v8a t=1790969796817 ====
1790969796639  CTOR_START
1790969796640  CTOR_DONE
1790969796815  SETUP_BEGIN
1790969796816  SETUP_XMSF_RESTORED
1790969796818  MAA_LOAD_BEGIN  jna.tmpdir=/data/local/tmp
1790969796868  MAA_LOAD_OK
1790969796949  SETUP_DONE
==== service boot pid=10778 OnePlus PKG110 api=36 abi=arm64-v8a t=1790972016168 ====
1790972014177  CTOR_START
1790972014180  CTOR_DONE
1790972016154  SETUP_BEGIN
1790972016167  SETUP_XMSF_RESTORED
1790972016169  MAA_LOAD_BEGIN  jna.tmpdir=/data/local/tmp
1790972016265  MAA_LOAD_OK
1790972017252  SETUP_DONE
==== service boot pid=23580 OnePlus PKG110 api=36 abi=arm64-v8a t=1790972275759 ====
1790972274690  CTOR_START
1790972274692  CTOR_DONE
1790972275757  SETUP_BEGIN
1790972275758  SETUP_XMSF_RESTORED
1790972275761  MAA_LOAD_BEGIN  jna.tmpdir=/data/local/tmp
1790972275793  MAA_LOAD_OK
1790972275913  SETUP_DONE
==== service boot pid=11736 OnePlus PKG110 api=36 abi=arm64-v8a t=1790972822654 ====
1790972822393  CTOR_START
1790972822397  CTOR_DONE
1790972822650  SETUP_BEGIN
1790972822651  SETUP_XMSF_RESTORED
1790972822654  MAA_LOAD_BEGIN  jna.tmpdir=/data/local/tmp
1790972822756  MAA_LOAD_OK
1790972822930  SETUP_DONE
==== service boot pid=11436 OnePlus PKG110 api=36 abi=arm64-v8a t=1790973126267 ====
1790973125977  CTOR_START
1790973125981  CTOR_DONE
1790973126232  SETUP_BEGIN
1790973126266  SETUP_XMSF_RESTORED
1790973126267  MAA_LOAD_BEGIN  jna.tmpdir=/data/local/tmp
1790973126379  MAA_LOAD_OK
1790973126479  SETUP_DONE
==== service boot pid=27347 OnePlus PKG110 api=36 abi=arm64-v8a t=1790973389665 ====
1790973389065  CTOR_START
1790973389067  CTOR_DONE
1790973389655  SETUP_BEGIN
1790973389661  SETUP_XMSF_RESTORED
1790973389670  MAA_LOAD_BEGIN  jna.tmpdir=/data/local/tmp
1790973389738  MAA_LOAD_OK
1790973389873  SETUP_DONE
==== service boot pid=16828 OnePlus PKG110 api=36 abi=arm64-v8a t=1790986071752 ====
1790986071552  CTOR_START
1790986071553  CTOR_DONE
1790986071750  SETUP_BEGIN
1790986071751  SETUP_XMSF_RESTORED
1790986071752  MAA_LOAD_BEGIN  jna.tmpdir=/data/local/tmp
1790986071781  MAA_LOAD_OK
1790986071889  SETUP_DONE
==== service boot pid=22736 OnePlus PKG110 api=36 abi=arm64-v8a t=1790986387454 ====
1790986387273  CTOR_START
1790986387274  CTOR_DONE
1790986387451  SETUP_BEGIN
1790986387453  SETUP_XMSF_RESTORED
1790986387454  MAA_LOAD_BEGIN  jna.tmpdir=/data/local/tmp
1790986387468  MAA_LOAD_OK
1790986387551  SETUP_DONE
==== service boot pid=28082 OnePlus PKG110 api=36 abi=arm64-v8a t=1790986632321 ====
1790986631519  CTOR_START
1790986631522  CTOR_DONE
1790986632317  SETUP_BEGIN
1790986632319  SETUP_XMSF_RESTORED
1790986632321  MAA_LOAD_BEGIN  jna.tmpdir=/data/local/tmp
1790986632350  MAA_LOAD_OK
1790986632520  SETUP_DONE
==== service boot pid=29645 OnePlus PKG110 api=36 abi=arm64-v8a t=1790986673814 ====
1790986673691  CTOR_START
1790986673693  CTOR_DONE
1790986673812  SETUP_BEGIN
1790986673813  SETUP_XMSF_RESTORED
1790986673814  MAA_LOAD_BEGIN  jna.tmpdir=/data/local/tmp
1790986673830  MAA_LOAD_OK
1790986673900  SETUP_DONE
==== service boot pid=32438 OnePlus PKG110 api=36 abi=arm64-v8a t=1790986831274 ====
1790986830031  CTOR_START
1790986830032  CTOR_DONE
1790986831268  SETUP_BEGIN
1790986831272  SETUP_XMSF_RESTORED
1790986831274  MAA_LOAD_BEGIN  jna.tmpdir=/data/local/tmp
1790986831305  MAA_LOAD_OK
1790986831491  SETUP_DONE
==== service boot pid=10072 OnePlus PKG110 api=36 abi=arm64-v8a t=1790986982749 ====
1790986982582  CTOR_START
1790986982584  CTOR_DONE
1790986982746  SETUP_BEGIN
1790986982747  SETUP_XMSF_RESTORED
1790986982749  MAA_LOAD_BEGIN  jna.tmpdir=/data/local/tmp
1790986982863  MAA_LOAD_OK
1790986982956  SETUP_DONE
==== service boot pid=23963 OnePlus PKG110 api=36 abi=arm64-v8a t=1790987125620 ====
1790987124481  CTOR_START
1790987124482  CTOR_DONE
1790987125616  SETUP_BEGIN
1790987125619  SETUP_XMSF_RESTORED
1790987125622  MAA_LOAD_BEGIN  jna.tmpdir=/data/local/tmp
1790987125712  MAA_LOAD_OK
1790987125877  SETUP_DONE
==== service boot pid=28475 OnePlus PKG110 api=36 abi=arm64-v8a t=1790987269017 ====
1790987268680  CTOR_START
1790987268682  CTOR_DONE
1790987269013  SETUP_BEGIN
1790987269015  SETUP_XMSF_RESTORED
1790987269022  MAA_LOAD_BEGIN  jna.tmpdir=/data/local/tmp
1790987269135  MAA_LOAD_OK
1790987269305  SETUP_DONE
